Monitoring boot status for Taste Buddy Memory QA 20260913 (54C3F98C-6BD5-47E0-98E5-DC9C1FCC40C4).
[2026-09-14 04:59:57 +0000] Status=1, isTerminal=NO, Elapsed=00:02.
	Waiting on BackBoard

[2026-09-14 05:00:00 +0000] Status=4, isTerminal=NO, Elapsed=00:05.
	Waiting on System App

[2026-09-14 05:00:00 +0000] Status=4, isTerminal=NO, Elapsed=00:05.
	Waiting on System App

[2026-09-14 05:00:01 +0000] Status=4, isTerminal=NO, Elapsed=00:05.
	Waiting on System App

[2026-09-14 05:00:02 +0000] Status=4, isTerminal=NO, Elapsed=00:06.
	Waiting on System App

[2026-09-14 05:00:03 +0000] Status=4, isTerminal=NO, Elapsed=00:07.
	Waiting on System App

[2026-09-14 05:00:03 +0000] Status=4, isTerminal=NO, Elapsed=00:08.
	Waiting on System App

[2026-09-14 05:00:05 +0000] Status=4, isTerminal=NO, Elapsed=00:09.
	Waiting on System App

[2026-09-14 05:00:05 +0000] Status=4, isTerminal=NO, Elapsed=00:10.
	Waiting on System App

[2026-09-14 05:00:06 +0000] Status=4, isTerminal=NO, Elapsed=00:11.
	Waiting on System App

[2026-09-14 05:00:07 +0000] Status=4, isTerminal=NO, Elapsed=00:12.
	Waiting on System App

[2026-09-14 05:00:08 +0000] Status=4, isTerminal=NO, Elapsed=00:13.
	Waiting on System App

[2026-09-14 05:00:09 +0000] Status=4, isTerminal=NO, Elapsed=00:14.
	Waiting on System App

[2026-09-14 05:00:10 +0000] Status=4, isTerminal=NO, Elapsed=00:15.
	Waiting on System App

[2026-09-14 05:00:11 +0000] Status=4, isTerminal=NO, Elapsed=00:16.
	Waiting on System App

[2026-09-14 05:00:12 +0000] Status=4, isTerminal=NO, Elapsed=00:17.
	Waiting on System App

[2026-09-14 05:00:13 +0000] Status=4, isTerminal=NO, Elapsed=00:18.
	Waiting on System App

[2026-09-14 05:00:14 +0000] Status=4, isTerminal=NO, Elapsed=00:19.
	Waiting on System App

[2026-09-14 05:00:16 +0000] Status=4, isTerminal=NO, Elapsed=00:20.
	Waiting on System App

[2026-09-14 05:00:16 +0000] Status=4, isTerminal=NO, Elapsed=00:21.
	Waiting on System App

[2026-09-14 05:00:17 +0000] Status=4294967295, isTerminal=YES, Elapsed=00:22.
	Finished

