Command line invocation:
    /Applications/Xcode.app/Contents/Developer/usr/bin/xcodebuild test-without-building -project ios/TasteBuddy.xcodeproj -scheme TasteBuddyMemoryQA -destination "platform=iOS Simulator,id=54C3F98C-6BD5-47E0-98E5-DC9C1FCC40C4" -derivedDataPath /tmp/TasteBuddyHomeQuestionsQA -resultBundlePath output/graph-style-reuse/track-question-3.xcresult -parallel-testing-enabled NO CODE_SIGNING_ALLOWED=NO "-only-testing:TasteBuddyMemoryUITests/HomeTasteQuestionUITests/test01QuestionScopeAnswerUndoAndChartCategoryOriginal" "-only-testing:TasteBuddyMemoryUITests/HomeTasteQuestionUITests/test02LargeTypeQuestionAndMetricActionsRemainReachable"

Build settings from command line:
    CODE_SIGNING_ALLOWED = NO

Resolve Package Graph


Resolved source packages:
  ProgressiveBlurHeader: https://github.com/dominikmartn/ProgressiveBlurHeader @ main (0e8c29b)
  swift-concurrency-extras: https://github.com/pointfreeco/swift-concurrency-extras @ 1.4.0
  swift-crypto: https://github.com/apple/swift-crypto.git @ 4.5.0
  Supabase: https://github.com/supabase/supabase-swift.git @ 2.46.0
  swift-http-types: https://github.com/apple/swift-http-types.git @ 1.6.0
  swift-clocks: https://github.com/pointfreeco/swift-clocks @ 1.0.6
  swift-asn1: https://github.com/apple/swift-asn1.git @ 1.7.1
  VariableBlur: https://github.com/nikstar/VariableBlur @ main (5073a0d)
  xctest-dynamic-overlay: https://github.com/pointfreeco/xctest-dynamic-overlay @ 1.9.0

Writing result bundle at path:
	/Users/sinjunho/Desktop/Taste Buddy/output/graph-style-reuse/track-question-3.xcresult

2026-09-13 19:57:43.044535+0900 TasteBuddyMemoryUITests-Runner[9989:4448344] [Default] Running tests...
    t =      nans Interface orientation changed to Portrait
Test Suite 'Selected tests' started at 2026-09-13 19:57:46.054.
Test Suite 'TasteBuddyMemoryUITests.xctest' started at 2026-09-13 19:57:46.056.
Test Suite 'HomeTasteQuestionUITests' started at 2026-09-13 19:57:46.057.
Test Case '-[TasteBuddyMemoryUITests.HomeTasteQuestionUITests test01QuestionScopeAnswerUndoAndChartCategoryOriginal]' started.
    t =     0.01s Start Test at 2026-09-13 19:57:46.063
    t =     0.20s Set Up
    t =     0.22s Open com.juneh96.tastebuddy.ios
    t =     0.22s     Launch com.juneh96.tastebuddy.ios
2026-09-13 19:57:46.436 xcodebuild[9945:4447735] [MT] IDELaunchParametersSnapshot: The operation couldn’t be completed. (DebuggerLLDB.DebuggerVersionStore.StoreError error 0.)
2026-09-13 19:57:46.436 xcodebuild[9945:4447735] [MT] IDELaunchParametersSnapshot: no debugger version
    t =     3.29s         Setting up automation session
    t =     7.01s         Wait for com.juneh96.tastebuddy.ios to idle
    t =    11.12s Waiting 120.0s for "taste-question-toggle" Button to exist
    t =    12.19s     Checking `Expect predicate `existsNoRetry == 1` for object "taste-question-toggle" Button`
    t =    12.19s         Checking existence of `"taste-question-toggle" Button`
    t =    12.60s Find the Target Application 'com.juneh96.tastebuddy.ios'
    t =    12.77s Checking existence of `"taste-question-toggle" Button`
    t =    12.99s Find the "taste-question-toggle" Button
    t =    13.25s Find the "taste-question-toggle" Button
    t =    13.50s Find the "taste-question-toggle" Button
    t =    13.87s Tap "taste-question-toggle" Button
    t =    13.87s     Wait for com.juneh96.tastebuddy.ios to idle
    t =    13.89s     Find the "taste-question-toggle" Button
    t =    14.13s     Check for interrupting elements affecting "taste-question-toggle" Button
    t =    14.36s     Synthesize event
    t =    14.81s     Wait for com.juneh96.tastebuddy.ios to idle
    t =    14.88s Checking existence of `StaticText (First Match)`
    t =    15.15s Checking existence of `StaticText (First Match)`
    t =    15.40s Find the Target Application 'com.juneh96.tastebuddy.ios'
    t =    15.57s Checking existence of `"taste-question-choice-medium" Button`
    t =    15.78s Find the "taste-question-choice-medium" Button
    t =    16.01s Find the "taste-question-choice-medium" Button
    t =    16.27s Find the "taste-question-choice-medium" Button
    t =    16.62s Find the Target Application 'com.juneh96.tastebuddy.ios'
    t =    17.32s Added attachment named 'home-question-01-scope'
    t =    17.32s Checking existence of `"원래 기록 보기/수정" Button`
    t =    17.53s Checking existence of `"기억이 안 나요" Button`
    t =    17.75s Checking existence of `"나중에" Button`
    t =    17.95s Checking existence of `"이 질문은 그만 보기" Button`
    t =    18.18s Tap "taste-question-choice-medium" Button
    t =    18.18s     Wait for com.juneh96.tastebuddy.ios to idle
    t =    18.21s     Find the "taste-question-choice-medium" Button
    t =    18.47s     Check for interrupting elements affecting "taste-question-choice-medium" Button
    t =    18.80s     Synthesize event
    t =    19.28s     Wait for com.juneh96.tastebuddy.ios to idle
    t =    19.34s Find the "취소" Button
    t =    19.51s Tap Target Application 'com.juneh96.tastebuddy.ios'[0.00, 0.00] -> (347.5, 680.0)
    t =    19.51s     Wait for com.juneh96.tastebuddy.ios to idle
    t =    19.60s     Find the Target Application 'com.juneh96.tastebuddy.ios'
    t =    19.92s     Check for interrupting elements affecting "Taste Buddy" Application
    t =    20.19s     Synthesize event
    t =    20.20s         Find the Target Application 'com.juneh96.tastebuddy.ios'
    t =    20.44s         Find the Target Application 'com.juneh96.tastebuddy.ios'
    t =    20.70s         Find the Target Application 'com.juneh96.tastebuddy.ios'
    t =    21.23s     Wait for com.juneh96.tastebuddy.ios to idle
    t =    21.33s Waiting 30.0s for "taste-question-toggle" Button to exist
    t =    22.34s     Checking `Expect predicate `existsNoRetry == 1` for object "taste-question-toggle" Button`
    t =    22.34s         Checking existence of `"taste-question-toggle" Button`
    t =    22.59s Find the Target Application 'com.juneh96.tastebuddy.ios'
    t =    22.77s Checking existence of `"home-archive-metric-overall" Button`
    t =    22.99s Find the "home-archive-metric-overall" Button
    t =    23.31s Find the "home-archive-metric-overall" Button
    t =    23.64s Checking existence of `"home-archive-metric-overall" Button`
    t =    23.89s Find the "home-archive-metric-overall" Button
    t =    24.19s Swipe up Target Application 'com.juneh96.tastebuddy.ios'
    t =    24.19s     Wait for com.juneh96.tastebuddy.ios to idle
    t =    24.23s     Find the Target Application 'com.juneh96.tastebuddy.ios'
    t =    24.39s     Check for interrupting elements affecting "Taste Buddy" Application
    t =    24.57s     Synthesize event
    t =    25.11s     Wait for com.juneh96.tastebuddy.ios to idle
    t =    25.94s Checking existence of `"home-archive-metric-overall" Button`
    t =    26.13s Find the "home-archive-metric-overall" Button
    t =    26.46s Find the "home-archive-metric-overall" Button
    t =    26.72s Find the "home-archive-metric-overall" Button
    t =    27.06s Find the Target Application 'com.juneh96.tastebuddy.ios'
    t =    27.75s Added attachment named 'home-question-02-four-charts'
    t =    27.80s Tap "home-archive-metric-overall" Button
    t =    27.80s     Wait for com.juneh96.tastebuddy.ios to idle
    t =    27.82s     Find the "home-archive-metric-overall" Button
    t =    28.05s     Check for interrupting elements affecting "home-archive-metric-overall" Button
    t =    28.26s     Synthesize event
    t =    28.65s     Wait for com.juneh96.tastebuddy.ios to idle
    t =    29.55s Waiting 30.0s for "음식 전체 평가" NavigationBar to exist
    t =    30.60s     Checking `Expect predicate `existsNoRetry == 1` for object "음식 전체 평가" NavigationBar`
    t =    30.60s         Checking existence of `"음식 전체 평가" NavigationBar`
    t =    31.24s Find the Target Application 'com.juneh96.tastebuddy.ios'
    t =    31.60s Checking existence of `"archive-segment-veryLiked" Button`
    t =    32.03s Find the "archive-segment-veryLiked" Button
    t =    32.46s Find the "archive-segment-veryLiked" Button
    t =    32.95s Find the "archive-segment-veryLiked" Button
    t =    33.73s Tap "archive-segment-veryLiked" Button
    t =    33.73s     Wait for com.juneh96.tastebuddy.ios to idle
    t =    33.75s     Find the "archive-segment-veryLiked" Button
    t =    34.21s     Check for interrupting elements affecting "archive-segment-veryLiked" Button
    t =    34.69s     Synthesize event
    t =    35.16s     Wait for com.juneh96.tastebuddy.ios to idle
    t =    35.25s Checking existence of `StaticText (First Match)`
    t =    35.68s Find the Target Application 'com.juneh96.tastebuddy.ios'
    t =    36.61s Added attachment named 'home-question-03-category'
    t =    36.61s Find the Target Application 'com.juneh96.tastebuddy.ios'
    t =    36.95s Checking existence of `Button (First Match)`
    t =    37.27s Find the Button (First Match)
    t =    37.64s Find the "중간 산미의 국물, 국물의 산미 기록, 확인한 식사일 · 2026년 9월 6일, 정말 좋았어요" Button
    t =    38.07s Checking existence of `"중간 산미의 국물, 국물의 산미 기록, 확인한 식사일 · 2026년 9월 6일, 정말 좋았어요" Button`
    t =    38.37s Find the "중간 산미의 국물, 국물의 산미 기록, 확인한 식사일 · 2026년 9월 6일, 정말 좋았어요" Button
    t =    38.82s Swipe up Target Application 'com.juneh96.tastebuddy.ios'
    t =    38.82s     Wait for com.juneh96.tastebuddy.ios to idle
    t =    38.84s     Find the Target Application 'com.juneh96.tastebuddy.ios'
    t =    39.25s     Check for interrupting elements affecting "Taste Buddy" Application
    t =    39.72s     Synthesize event
    t =    40.23s     Wait for com.juneh96.tastebuddy.ios to idle
    t =    42.74s Checking existence of `"중간 산미의 국물, 국물의 산미 기록, 확인한 식사일 · 2026년 9월 6일, 정말 좋았어요" Button`
    t =    43.09s Find the "중간 산미의 국물, 국물의 산미 기록, 확인한 식사일 · 2026년 9월 6일, 정말 좋았어요" Button
    t =    43.52s Find the "중간 산미의 국물, 국물의 산미 기록, 확인한 식사일 · 2026년 9월 6일, 정말 좋았어요" Button
    t =    43.88s Checking existence of `"중간 산미의 국물, 국물의 산미 기록, 확인한 식사일 · 2026년 9월 6일, 정말 좋았어요" Button`
    t =    44.18s Find the "중간 산미의 국물, 국물의 산미 기록, 확인한 식사일 · 2026년 9월 6일, 정말 좋았어요" Button
    t =    44.51s Swipe up Target Application 'com.juneh96.tastebuddy.ios'
    t =    44.51s     Wait for com.juneh96.tastebuddy.ios to idle
    t =    44.52s     Find the Target Application 'com.juneh96.tastebuddy.ios'
    t =    44.86s     Check for interrupting elements affecting "Taste Buddy" Application
    t =    45.23s     Synthesize event
    t =    45.71s     Wait for com.juneh96.tastebuddy.ios to idle
    t =    46.90s Checking existence of `"중간 산미의 국물, 국물의 산미 기록, 확인한 식사일 · 2026년 9월 6일, 정말 좋았어요" Button`
    t =    47.22s Find the "중간 산미의 국물, 국물의 산미 기록, 확인한 식사일 · 2026년 9월 6일, 정말 좋았어요" Button
    t =    47.58s Find the "중간 산미의 국물, 국물의 산미 기록, 확인한 식사일 · 2026년 9월 6일, 정말 좋았어요" Button
    t =    47.98s Find the "중간 산미의 국물, 국물의 산미 기록, 확인한 식사일 · 2026년 9월 6일, 정말 좋았어요" Button
    t =    48.46s Tap "중간 산미의 국물, 국물의 산미 기록, 확인한 식사일 · 2026년 9월 6일, 정말 좋았어요" Button
    t =    48.46s     Wait for com.juneh96.tastebuddy.ios to idle
    t =    48.50s     Find the "중간 산미의 국물, 국물의 산미 기록, 확인한 식사일 · 2026년 9월 6일, 정말 좋았어요" Button
    t =    48.90s     Check for interrupting elements affecting "중간 산미의 국물, 국물의 산미 기록, 확인한 식사일 · 2026년 9월 6일, 정말 좋았어요" Button
    t =    49.35s     Synthesize event
    t =    49.81s     Wait for com.juneh96.tastebuddy.ios to idle
    t =    50.13s Waiting 30.0s for "음식 기억" NavigationBar to exist
    t =    51.17s     Checking `Expect predicate `existsNoRetry == 1` for object "음식 기억" NavigationBar`
    t =    51.18s         Checking existence of `"음식 기억" NavigationBar`
    t =    51.91s Checking existence of `StaticText (First Match)`
    t =    52.25s Find the Target Application 'com.juneh96.tastebuddy.ios'
    t =    53.26s Added attachment named 'home-question-04-current-original'
    t =    53.28s Tear Down
Test Case '-[TasteBuddyMemoryUITests.HomeTasteQuestionUITests test01QuestionScopeAnswerUndoAndChartCategoryOriginal]' passed (53.638 seconds).
Test Case '-[TasteBuddyMemoryUITests.HomeTasteQuestionUITests test02LargeTypeQuestionAndMetricActionsRemainReachable]' started.
    t =     0.00s Start Test at 2026-09-13 19:58:39.703
    t =     0.23s Set Up
    t =     0.24s Open com.juneh96.tastebuddy.ios
    t =     0.24s     Launch com.juneh96.tastebuddy.ios
    t =     0.25s         Terminate com.juneh96.tastebuddy.ios:10009
2026-09-13 19:58:41.004 xcodebuild[9945:4447735] [MT] IDELaunchParametersSnapshot: The operation couldn’t be completed. (DebuggerLLDB.DebuggerVersionStore.StoreError error 0.)
2026-09-13 19:58:41.004 xcodebuild[9945:4447735] [MT] IDELaunchParametersSnapshot: no debugger version
    t =     2.15s         Setting up automation session
    t =     5.85s         Wait for com.juneh96.tastebuddy.ios to idle
    t =    10.02s Waiting 120.0s for "taste-question-toggle" Button to exist
    t =    11.06s     Checking `Expect predicate `existsNoRetry == 1` for object "taste-question-toggle" Button`
    t =    11.06s         Checking existence of `"taste-question-toggle" Button`
    t =    11.72s Find the "나의 입맛" Button
    t =    11.99s Find the "나의 입맛" Button
    t =    12.14s Find the Target Application 'com.juneh96.tastebuddy.ios'
    t =    12.41s Checking existence of `"taste-question-toggle" Button`
    t =    12.70s Find the "taste-question-toggle" Button
    t =    13.18s Find the "taste-question-toggle" Button
    t =    13.48s Find the "taste-question-toggle" Button
    t =    13.84s Tap "taste-question-toggle" Button
    t =    13.84s     Wait for com.juneh96.tastebuddy.ios to idle
    t =    13.86s     Find the "taste-question-toggle" Button
    t =    14.10s     Check for interrupting elements affecting "taste-question-toggle" Button
    t =    14.35s     Synthesize event
    t =    14.83s     Wait for com.juneh96.tastebuddy.ios to idle
    t =    14.97s Find the Target Application 'com.juneh96.tastebuddy.ios'
    t =    15.26s Checking existence of `"taste-question-choice-medium" Button`
    t =    15.58s Find the "taste-question-choice-medium" Button
    t =    15.88s Find the "taste-question-choice-medium" Button
    t =    16.19s Checking existence of `"taste-question-choice-medium" Button`
    t =    16.48s Find the "taste-question-choice-medium" Button
    t =    16.79s Swipe up Target Application 'com.juneh96.tastebuddy.ios'
    t =    16.79s     Wait for com.juneh96.tastebuddy.ios to idle
    t =    16.84s     Find the Target Application 'com.juneh96.tastebuddy.ios'
    t =    17.26s     Check for interrupting elements affecting "Taste Buddy" Application
    t =    17.60s     Synthesize event
    t =    18.15s     Wait for com.juneh96.tastebuddy.ios to idle
    t =    20.41s Checking existence of `"taste-question-choice-medium" Button`
    t =    20.70s Find the "taste-question-choice-medium" Button
    t =    20.98s Find the "taste-question-choice-medium" Button
    t =    21.28s Checking existence of `"taste-question-choice-medium" Button`
    t =    21.51s Find the "taste-question-choice-medium" Button
    t =    21.77s Swipe down Target Application 'com.juneh96.tastebuddy.ios'
    t =    21.78s     Wait for com.juneh96.tastebuddy.ios to idle
    t =    21.79s     Find the Target Application 'com.juneh96.tastebuddy.ios'
    t =    21.98s     Check for interrupting elements affecting "Taste Buddy" Application
    t =    22.20s     Synthesize event
    t =    22.70s     Wait for com.juneh96.tastebuddy.ios to idle
    t =    24.89s Checking existence of `"taste-question-choice-medium" Button`
    t =    25.17s Find the "taste-question-choice-medium" Button
    t =    25.44s Find the "taste-question-choice-medium" Button
    t =    25.72s Checking existence of `"taste-question-choice-medium" Button`
    t =    25.97s Find the "taste-question-choice-medium" Button
    t =    26.23s Swipe up Target Application 'com.juneh96.tastebuddy.ios'
    t =    26.23s     Wait for com.juneh96.tastebuddy.ios to idle
    t =    26.27s     Find the Target Application 'com.juneh96.tastebuddy.ios'
    t =    26.45s     Check for interrupting elements affecting "Taste Buddy" Application
    t =    26.64s     Synthesize event
    t =    27.15s     Wait for com.juneh96.tastebuddy.ios to idle
    t =    29.38s Checking existence of `"taste-question-choice-medium" Button`
    t =    29.63s Find the "taste-question-choice-medium" Button
    t =    29.87s Find the "taste-question-choice-medium" Button
    t =    30.11s Checking existence of `"taste-question-choice-medium" Button`
    t =    30.33s Find the "taste-question-choice-medium" Button
    t =    30.58s Swipe down Target Application 'com.juneh96.tastebuddy.ios'
    t =    30.59s     Wait for com.juneh96.tastebuddy.ios to idle
    t =    30.63s     Find the Target Application 'com.juneh96.tastebuddy.ios'
    t =    30.89s     Check for interrupting elements affecting "Taste Buddy" Application
    t =    31.13s     Synthesize event
    t =    31.68s     Wait for com.juneh96.tastebuddy.ios to idle
    t =    33.95s Checking existence of `"taste-question-choice-medium" Button`
    t =    34.21s Find the "taste-question-choice-medium" Button
    t =    34.44s Find the "taste-question-choice-medium" Button
    t =    34.67s Checking existence of `"taste-question-choice-medium" Button`
    t =    34.88s Find the "taste-question-choice-medium" Button
    t =    35.13s Swipe up Target Application 'com.juneh96.tastebuddy.ios'
    t =    35.13s     Wait for com.juneh96.tastebuddy.ios to idle
    t =    35.17s     Find the Target Application 'com.juneh96.tastebuddy.ios'
    t =    35.38s     Check for interrupting elements affecting "Taste Buddy" Application
    t =    35.57s     Synthesize event
    t =    36.06s     Wait for com.juneh96.tastebuddy.ios to idle
    t =    38.30s Checking existence of `"taste-question-choice-medium" Button`
    t =    38.58s Find the "taste-question-choice-medium" Button
    t =    38.86s Find the "taste-question-choice-medium" Button
    t =    39.12s Checking existence of `"taste-question-choice-medium" Button`
    t =    39.37s Find the "taste-question-choice-medium" Button
    t =    39.63s Swipe down Target Application 'com.juneh96.tastebuddy.ios'
    t =    39.63s     Wait for com.juneh96.tastebuddy.ios to idle
    t =    39.66s     Find the Target Application 'com.juneh96.tastebuddy.ios'
    t =    39.90s     Check for interrupting elements affecting "Taste Buddy" Application
    t =    40.16s     Synthesize event
    t =    40.72s     Wait for com.juneh96.tastebuddy.ios to idle
    t =    42.99s Checking existence of `"taste-question-choice-medium" Button`
    t =    43.22s Find the "taste-question-choice-medium" Button
    t =    43.47s Find the "taste-question-choice-medium" Button
    t =    43.73s Checking existence of `"taste-question-choice-medium" Button`
    t =    43.97s Find the "taste-question-choice-medium" Button
    t =    44.23s Swipe up Target Application 'com.juneh96.tastebuddy.ios'
    t =    44.23s     Wait for com.juneh96.tastebuddy.ios to idle
    t =    44.29s     Find the Target Application 'com.juneh96.tastebuddy.ios'
    t =    44.48s     Check for interrupting elements affecting "Taste Buddy" Application
    t =    44.71s     Synthesize event
    t =    45.25s     Wait for com.juneh96.tastebuddy.ios to idle
    t =    47.43s Checking existence of `"taste-question-choice-medium" Button`
    t =    47.71s Find the "taste-question-choice-medium" Button
    t =    47.96s Find the "taste-question-choice-medium" Button
    t =    48.25s Checking existence of `"taste-question-choice-medium" Button`
    t =    48.49s Find the "taste-question-choice-medium" Button
    t =    48.77s Swipe down Target Application 'com.juneh96.tastebuddy.ios'
    t =    48.77s     Wait for com.juneh96.tastebuddy.ios to idle
    t =    48.83s     Find the Target Application 'com.juneh96.tastebuddy.ios'
    t =    49.05s     Check for interrupting elements affecting "Taste Buddy" Application
    t =    49.27s     Synthesize event
    t =    49.78s     Wait for com.juneh96.tastebuddy.ios to idle
    t =    52.02s Checking existence of `"taste-question-choice-medium" Button`
    t =    52.30s Find the "taste-question-choice-medium" Button
    t =    52.56s Find the "taste-question-choice-medium" Button
    t =    52.82s Checking existence of `"taste-question-choice-medium" Button`
    t =    53.08s Find the "taste-question-choice-medium" Button
    t =    53.34s Swipe up Target Application 'com.juneh96.tastebuddy.ios'
    t =    53.34s     Wait for com.juneh96.tastebuddy.ios to idle
    t =    53.38s     Find the Target Application 'com.juneh96.tastebuddy.ios'
    t =    53.59s     Check for interrupting elements affecting "Taste Buddy" Application
    t =    53.82s     Synthesize event
    t =    54.36s     Wait for com.juneh96.tastebuddy.ios to idle
    t =    56.52s Checking existence of `"taste-question-choice-medium" Button`
    t =    56.84s Find the "taste-question-choice-medium" Button
    t =    57.09s Find the "taste-question-choice-medium" Button
    t =    57.37s Checking existence of `"taste-question-choice-medium" Button`
    t =    57.61s Find the "taste-question-choice-medium" Button
    t =    57.86s Swipe down Target Application 'com.juneh96.tastebuddy.ios'
    t =    57.86s     Wait for com.juneh96.tastebuddy.ios to idle
    t =    57.90s     Find the Target Application 'com.juneh96.tastebuddy.ios'
    t =    58.07s     Check for interrupting elements affecting "Taste Buddy" Application
    t =    58.32s     Synthesize event
    t =    58.82s     Wait for com.juneh96.tastebuddy.ios to idle
    t =    61.03s Checking existence of `"taste-question-choice-medium" Button`
    t =    61.50s Find the "taste-question-choice-medium" Button
    t =    62.04s Find the "taste-question-choice-medium" Button
    t =    62.52s Checking existence of `"taste-question-choice-medium" Button`
    t =    62.78s Find the "taste-question-choice-medium" Button
    t =    63.06s Swipe up Target Application 'com.juneh96.tastebuddy.ios'
    t =    63.06s     Wait for com.juneh96.tastebuddy.ios to idle
    t =    63.08s     Find the Target Application 'com.juneh96.tastebuddy.ios'
    t =    63.24s     Check for interrupting elements affecting "Taste Buddy" Application
    t =    63.45s     Synthesize event
    t =    63.94s     Wait for com.juneh96.tastebuddy.ios to idle
    t =    66.20s Checking existence of `"taste-question-choice-medium" Button`
    t =    66.46s Find the "taste-question-choice-medium" Button
    t =    66.71s Find the "taste-question-choice-medium" Button
    t =    67.03s Checking existence of `"taste-question-choice-medium" Button`
    t =    67.30s Find the "taste-question-choice-medium" Button
    t =    67.63s Swipe down Target Application 'com.juneh96.tastebuddy.ios'
    t =    67.64s     Wait for com.juneh96.tastebuddy.ios to idle
    t =    67.68s     Find the Target Application 'com.juneh96.tastebuddy.ios'
    t =    67.99s     Check for interrupting elements affecting "Taste Buddy" Application
    t =    68.29s     Synthesize event
    t =    68.85s     Wait for com.juneh96.tastebuddy.ios to idle
    t =    71.09s Checking existence of `"taste-question-choice-medium" Button`
    t =    71.37s Find the "taste-question-choice-medium" Button
    t =    71.65s Find the "taste-question-choice-medium" Button
    t =    71.96s Checking existence of `"taste-question-choice-medium" Button`
    t =    72.27s Find the "taste-question-choice-medium" Button
    t =    72.59s Swipe up Target Application 'com.juneh96.tastebuddy.ios'
    t =    72.59s     Wait for com.juneh96.tastebuddy.ios to idle
    t =    72.64s     Find the Target Application 'com.juneh96.tastebuddy.ios'
    t =    72.93s     Check for interrupting elements affecting "Taste Buddy" Application
    t =    73.20s     Synthesize event
    t =    73.74s     Wait for com.juneh96.tastebuddy.ios to idle
    t =    75.92s Checking existence of `"taste-question-choice-medium" Button`
    t =    76.13s Find the "taste-question-choice-medium" Button
    t =    76.37s Find the "taste-question-choice-medium" Button
    t =    76.66s Checking existence of `"taste-question-choice-medium" Button`
    t =    76.90s Find the "taste-question-choice-medium" Button
    t =    77.16s Swipe down Target Application 'com.juneh96.tastebuddy.ios'
    t =    77.16s     Wait for com.juneh96.tastebuddy.ios to idle
    t =    77.18s     Find the Target Application 'com.juneh96.tastebuddy.ios'
    t =    77.34s     Check for interrupting elements affecting "Taste Buddy" Application
    t =    77.53s     Synthesize event
    t =    78.05s     Wait for com.juneh96.tastebuddy.ios to idle
    t =    80.29s Checking existence of `"taste-question-choice-medium" Button`
    t =    80.51s Find the "taste-question-choice-medium" Button
    t =    80.76s Find the "taste-question-choice-medium" Button
    t =    81.02s Checking existence of `"taste-question-choice-medium" Button`
    t =    81.27s Find the "taste-question-choice-medium" Button
    t =    81.52s Swipe up Target Application 'com.juneh96.tastebuddy.ios'
    t =    81.52s     Wait for com.juneh96.tastebuddy.ios to idle
    t =    81.57s     Find the Target Application 'com.juneh96.tastebuddy.ios'
    t =    81.81s     Check for interrupting elements affecting "Taste Buddy" Application
    t =    82.03s     Synthesize event
    t =    82.56s     Wait for com.juneh96.tastebuddy.ios to idle
    t =    84.85s Checking existence of `"taste-question-choice-medium" Button`
    t =    85.12s Find the "taste-question-choice-medium" Button
    t =    85.37s Find the "taste-question-choice-medium" Button
    t =    85.62s Checking existence of `"taste-question-choice-medium" Button`
    t =    85.85s Find the "taste-question-choice-medium" Button
    t =    86.11s Swipe down Target Application 'com.juneh96.tastebuddy.ios'
    t =    86.11s     Wait for com.juneh96.tastebuddy.ios to idle
    t =    86.16s     Find the Target Application 'com.juneh96.tastebuddy.ios'
    t =    86.36s     Check for interrupting elements affecting "Taste Buddy" Application
    t =    86.63s     Synthesize event
    t =    87.15s     Wait for com.juneh96.tastebuddy.ios to idle
    t =    89.41s Checking existence of `"taste-question-choice-medium" Button`
    t =    89.63s Find the "taste-question-choice-medium" Button
    t =    89.87s Find the "taste-question-choice-medium" Button
    t =    90.14s Checking existence of `"taste-question-choice-medium" Button`
    t =    90.39s Find the "taste-question-choice-medium" Button
    t =    90.73s Swipe up Target Application 'com.juneh96.tastebuddy.ios'
    t =    90.73s     Wait for com.juneh96.tastebuddy.ios to idle
    t =    90.75s     Find the Target Application 'com.juneh96.tastebuddy.ios'
    t =    90.93s     Check for interrupting elements affecting "Taste Buddy" Application
    t =    91.20s     Synthesize event
    t =    91.72s     Wait for com.juneh96.tastebuddy.ios to idle
    t =    93.97s Checking existence of `"taste-question-choice-medium" Button`
    t =    94.23s Find the "taste-question-choice-medium" Button
    t =    94.47s Find the "taste-question-choice-medium" Button
    t =    94.86s Checking existence of `"taste-question-choice-medium" Button`
    t =    95.10s Find the "taste-question-choice-medium" Button
    t =    95.38s Swipe down Target Application 'com.juneh96.tastebuddy.ios'
    t =    95.38s     Wait for com.juneh96.tastebuddy.ios to idle
    t =    95.43s     Find the Target Application 'com.juneh96.tastebuddy.ios'
    t =    95.67s     Check for interrupting elements affecting "Taste Buddy" Application
    t =    95.93s     Synthesize event
    t =    96.46s     Wait for com.juneh96.tastebuddy.ios to idle
    t =    98.69s Checking existence of `"taste-question-choice-medium" Button`
    t =    98.98s Find the "taste-question-choice-medium" Button
    t =    99.23s Find the "taste-question-choice-medium" Button
    t =    99.54s Checking existence of `"taste-question-choice-medium" Button`
    t =    99.80s Find the "taste-question-choice-medium" Button
    t =   100.09s Swipe up Target Application 'com.juneh96.tastebuddy.ios'
    t =   100.10s     Wait for com.juneh96.tastebuddy.ios to idle
    t =   100.13s     Find the Target Application 'com.juneh96.tastebuddy.ios'
    t =   100.36s     Check for interrupting elements affecting "Taste Buddy" Application
    t =   100.60s     Synthesize event
    t =   101.15s     Wait for com.juneh96.tastebuddy.ios to idle
    t =   103.31s Checking existence of `"taste-question-choice-medium" Button`
    t =   103.58s Find the "taste-question-choice-medium" Button
    t =   103.85s Find the "taste-question-choice-medium" Button
    t =   104.12s Checking existence of `"taste-question-choice-medium" Button`
    t =   104.38s Find the "taste-question-choice-medium" Button
    t =   104.74s Swipe down Target Application 'com.juneh96.tastebuddy.ios'
    t =   104.74s     Wait for com.juneh96.tastebuddy.ios to idle
    t =   104.78s     Find the Target Application 'com.juneh96.tastebuddy.ios'
    t =   105.06s     Check for interrupting elements affecting "Taste Buddy" Application
    t =   105.30s     Synthesize event
    t =   105.87s     Wait for com.juneh96.tastebuddy.ios to idle
Testing started
In flight operation:   <DVTOperationGroup: 0x7f8d913ff8d0; state = AREfc>
     <DVTOperationGroup: 0x7f8d913fef90; state = AREfc>
         <DVTOperation: 0x7f8d918b93a0; name = 'Remove Log If Needed', state = aReFc>
         <DVTOperationGroup: 0x7f8d91657ed0; state = AREfc>
             <DVTOperationGroup: 0x7f8d91757870; state = AREfc>
                 <__DVTSwiftAsyncOperation: 0x7f8d91399bf0; state = AReFc>
                 <__DVTSwiftAsyncOperation: 0x7f8d8fe1e120; state = AReFc>
                 <DVTOperation: 0x7f8d91757730; state = arefc>
                 <DVTOperation: 0x7f8d91757370; state = aReFc>
                 <__DVTSwiftAsyncOperation: 0x7f8d91395dc0; state = AReFc>
                 <__DVTSwiftAsyncOperation: 0x7f8d8fe1dd70; state = AReFc>
                 <DVTOperation: 0x7f8d917575f0; state = arefc>
                 <IDESchemeActionResultOperation: 0x7f8d9046e290; state = Arefc>
                 <DVTOperationGroup: 0x7f8d8f9bae30; state = AREf!c, blocking { Blocking finish to clean up test session. }>
                     <DVTOperation: 0x7f8d91873f40; state = aReFc>
                     <XCTHOperationGroup: 0x7f8d91874900>
                         <XCTHOperationGroup: 0x7f8d91875af0>
                             <XCTHOperationGroup: 0x7f8d91876190>
                                 <XCTHOperationGroup: 0x7f8d902b69c0>{name = 'com.apple.dt.xctest.target-runner'}(Finishing blocked for reasons:
  waiting for workers to materialize
  )
                                     <XCTHOperationGroup: 0x7f8d902f53e0>
                                         <XCTHOperationGroup: 0x7f8d9234ead0>
                                             <IDERunOperation: 0x7f8d91bf1b00; state = aReF!c, blocking { XCTHTestOperationCoordinator processing delay, Blocking finish to allow restarting of crashed test operations., Waiting for -runningDidFinish call. }>
                                             worker: <IDERunOperationWorkerGroup: 0x7f8d91bf1450, unfinished subworkers : 
					<_IDEInstalliPhoneSimulatorWorker: 0x7f8d91bf1170 -- ExtensionIdentifier: Xcode.IDEiPhoneSimulatorSupport.DeviceService.Install>
					<IDELaunchiPhoneSimulatorLauncher: 0x7f8d91bf15a0 -- ExtensionIdentifier: Xcode.IDEiPhoneSimulatorSupport.Launch>
				 >

                                             tracker: <IDEExecutionOperationTracker: 0x7f8d913fff20: Testing project TasteBuddy with scheme TasteBuddyMemoryQA
	subtrackers=(
    "<IDEExecutionRunnableTracker: 0x7f8d91bede10: subtrackers=none>"
)>

                             <XCTHOperation: 0x7f8d91872d10>
                 <DVTOperation: 0x7f8d917574b0; state = aReFc>
         <_IDETestingFinalizeLogsOperation: 0x7f8d918b9a10; name = 'Finalize test log', state = aref!c, blocking { waiting for test log to finish recording }>
In flight operation:   <IDERunOperation: 0x7f8d795ae810; state = aReF!c, blocking { Waiting for -runningDidFinish call. }>
  worker: <IDERunOperationWorkerGroup: 0x7f8d795ab510, unfinished subworkers : 
					<_IDEInstalliPhoneSimulatorWorker: 0x7f8d91eb0dd0 -- ExtensionIdentifier: Xcode.IDEiPhoneSimulatorSupport.DeviceService.Install>
					<IDELaunchiPhoneSimulatorLauncher: 0x7f8d795adfa0 -- ExtensionIdentifier: Xcode.IDEiPhoneSimulatorSupport.Launch>
				 >

  tracker: <IDEExecutionOperationTracker: 0x7f8d95d7bae0: Launch application com.juneh96.tastebuddy.ios for UI testing.
	subtrackers=(
    "<IDEExecutionRunnableTracker: 0x7f8d95d8ab20: subtrackers=none>"
)>

<DVTOperationGroup: 0x7f8d913ff8d0; state = AREfc> created at:
  0   -[DVTOperation init] (in DVTFoundation)
  1   -[DVTOperationGroup init] (in DVTFoundation)
  2   +[DVTOperationGroup operationGroupWithSuboperations:] (in DVTFoundation)
  3   -[IDEScheme _groupAndImposeDependenciesForOrderedOperations:] (in IDEFoundation)
  4   -[IDEScheme _executionOperationForSchemeOperationParameters:build:onlyBuild:buildParameters:title:buildLog:dontActuallyRunCommands:restorePersistedBuildResults:deviceAvailableChecker:error:actionCallbackBlock:] (in IDEFoundation)
  5   -[IDEScheme(TestSchemeAction) schemeTestActionOperationForSchemeOperationParameters:onlyBuild:buildLog:deviceAvailableChecker:buildParameters:shouldBuild:restorePersistedBuildResults:error:completionBlock:] (in IDEFoundation)
  6   -[IDEScheme buildAndActionTaskForSchemeOperationParameters:shouldBuild:onlyBuild:buildParameters:buildLog:deviceAvailableChecker:restorePersistedBuildResults:dontActuallyRunCommands:error:completionBlock:] (in IDEFoundation)
  7   -[IDEScheme schemeOperationForSchemeOperationParameters:buildLog:overridingProperties:overridingBuildConfiguration:dontActuallyRunCommands:restorePersistedBuildResults:deviceAvailableChecker:error:completionBlock:] (in IDEFoundation)
  8   -[IDEScheme schemeOperationForSchemeOperationParameters:buildLog:overridingProperties:overridingBuildConfiguration:dontActuallyRunCommands:restorePersistedBuildResults:error:completionBlock:] (in IDEFoundation)
  9   -[Xcode3CommandLineBuildTool(TestSchemeAction) buildForTestSchemeCommandWantsSkip:buildAction:isProjectBuild:title:buildLog:isMoreDestinationsPending:runDestinations:runDestination:schemeCommand:executionEnvironment:restorePersistedBuildResults:operationToEnqueue:error:] (in Xcode3Core)
 10   -[Xcode3CommandLineBuildTool doSchemeBuildWithRunDestinations:runDestinationIdx:wantsSkip:buildActionTimingSection:timingSection:buildAction:isMoreDesinationsPending:actionResultBlock:title:buildLog:executionEnvironment:restorePersistedBuildResults:operationToEnqueue:error:] (in Xcode3Core)
 11   -[Xcode3CommandLineBuildTool doBuildForBuildAction:timingSection:colorize:colorizeFailure:error:] (in Xcode3Core)
 12   -[Xcode3CommandLineBuildTool _buildWithTimingSection:] (in Xcode3Core)
 13   -[Xcode3CommandLineBuildTool run] (in Xcode3Core)
 14   XcodeBuildMain (in libxcodebuildLoader.dylib)
 15   -[XcodebuildPreIDEHandler loadXcode3ProjectSupportAndRunXcode3CommandLineBuildToolWithArguments:] (in xcodebuild)
 16   -[XcodebuildPreIDEHandler runWithArguments:] (in xcodebuild)
 17   main (in xcodebuild)
 18   start (in dyld)

<DVTOperationGroup: 0x7f8d913fef90; state = AREfc> created at:
  0   -[DVTOperation init] (in DVTFoundation)
  1   -[DVTOperationGroup init] (in DVTFoundation)
  2   +[DVTOperationGroup operationGroupWithSuboperations:] (in DVTFoundation)
  3   -[IDETestSchemeAction testOperationWithSchemeOperationParameters:testManager:buildOperation:buildParameters:schemeCommand:actionRecord:testPlanRunSpecifications:deviceAvailableChecker:outError:actionCallbackBlock:] (in IDEFoundation)
  4   -[IDEScheme(TestSchemeAction) executionOperationForTestSchemeActionWithOperationParameters:command:buildOperationVariantSpecifiers:buildOperationGroup:schemeActionResult:buildParameters:shouldOnlyBuild:runDestination:orderedOperations:schemeActionRecord:deviceAvailableChecker:actionCallbackBlock:error:] (in IDEFoundation)
  5   -[IDEScheme _executionOperationForSchemeOperationParameters:build:onlyBuild:buildParameters:title:buildLog:dontActuallyRunCommands:restorePersistedBuildResults:deviceAvailableChecker:error:actionCallbackBlock:] (in IDEFoundation)
  6   -[IDEScheme(TestSchemeAction) schemeTestActionOperationForSchemeOperationParameters:onlyBuild:buildLog:deviceAvailableChecker:buildParameters:shouldBuild:restorePersistedBuildResults:error:completionBlock:] (in IDEFoundation)
  7   -[IDEScheme buildAndActionTaskForSchemeOperationParameters:shouldBuild:onlyBuild:buildParameters:buildLog:deviceAvailableChecker:restorePersistedBuildResults:dontActuallyRunCommands:error:completionBlock:] (in IDEFoundation)
  8   -[IDEScheme schemeOperationForSchemeOperationParameters:buildLog:overridingProperties:overridingBuildConfiguration:dontActuallyRunCommands:restorePersistedBuildResults:deviceAvailableChecker:error:completionBlock:] (in IDEFoundation)
  9   -[IDEScheme schemeOperationForSchemeOperationParameters:buildLog:overridingProperties:overridingBuildConfiguration:dontActuallyRunCommands:restorePersistedBuildResults:error:completionBlock:] (in IDEFoundation)
 10   -[Xcode3CommandLineBuildTool(TestSchemeAction) buildForTestSchemeCommandWantsSkip:buildAction:isProjectBuild:title:buildLog:isMoreDestinationsPending:runDestinations:runDestination:schemeCommand:executionEnvironment:restorePersistedBuildResults:operationToEnqueue:error:] (in Xcode3Core)
 11   -[Xcode3CommandLineBuildTool doSchemeBuildWithRunDestinations:runDestinationIdx:wantsSkip:buildActionTimingSection:timingSection:buildAction:isMoreDesinationsPending:actionResultBlock:title:buildLog:executionEnvironment:restorePersistedBuildResults:operationToEnqueue:error:] (in Xcode3Core)
 12   -[Xcode3CommandLineBuildTool doBuildForBuildAction:timingSection:colorize:colorizeFailure:error:] (in Xcode3Core)
 13   -[Xcode3CommandLineBuildTool _buildWithTimingSection:] (in Xcode3Core)
 14   -[Xcode3CommandLineBuildTool run] (in Xcode3Core)
 15   XcodeBuildMain (in libxcodebuildLoader.dylib)
 16   -[XcodebuildPreIDEHandler loadXcode3ProjectSupportAndRunXcode3CommandLineBuildToolWithArguments:] (in xcodebuild)
 17   -[XcodebuildPreIDEHandler runWithArguments:] (in xcodebuild)
 18   main (in xcodebuild)
 19   start (in dyld)

<DVTOperation: 0x7f8d918b93a0; name = 'Remove Log If Needed', state = aReFc> created at:
  0   -[DVTOperation init] (in DVTFoundation)
  1   +[DVTOperation(DVTConveniences) operationWithBlock:] (in DVTFoundation)
  2   -[IDETestSchemeAction _removeLogIfNeededOperationWithLogStore:logRecord:buildOperation:] (in IDEFoundation)
  3   -[IDETestSchemeAction testOperationWithSchemeOperationParameters:testManager:buildOperation:buildParameters:schemeCommand:actionRecord:testPlanRunSpecifications:deviceAvailableChecker:outError:actionCallbackBlock:] (in IDEFoundation)
  4   -[IDEScheme(TestSchemeAction) executionOperationForTestSchemeActionWithOperationParameters:command:buildOperationVariantSpecifiers:buildOperationGroup:schemeActionResult:buildParameters:shouldOnlyBuild:runDestination:orderedOperations:schemeActionRecord:deviceAvailableChecker:actionCallbackBlock:error:] (in IDEFoundation)
  5   -[IDEScheme _executionOperationForSchemeOperationParameters:build:onlyBuild:buildParameters:title:buildLog:dontActuallyRunCommands:restorePersistedBuildResults:deviceAvailableChecker:error:actionCallbackBlock:] (in IDEFoundation)
  6   -[IDEScheme(TestSchemeAction) schemeTestActionOperationForSchemeOperationParameters:onlyBuild:buildLog:deviceAvailableChecker:buildParameters:shouldBuild:restorePersistedBuildResults:error:completionBlock:] (in IDEFoundation)
  7   -[IDEScheme buildAndActionTaskForSchemeOperationParameters:shouldBuild:onlyBuild:buildParameters:buildLog:deviceAvailableChecker:restorePersistedBuildResults:dontActuallyRunCommands:error:completionBlock:] (in IDEFoundation)
  8   -[IDEScheme schemeOperationForSchemeOperationParameters:buildLog:overridingProperties:overridingBuildConfiguration:dontActuallyRunCommands:restorePersistedBuildResults:deviceAvailableChecker:error:completionBlock:] (in IDEFoundation)
  9   -[IDEScheme schemeOperationForSchemeOperationParameters:buildLog:overridingProperties:overridingBuildConfiguration:dontActuallyRunCommands:restorePersistedBuildResults:error:completionBlock:] (in IDEFoundation)
 10   -[Xcode3CommandLineBuildTool(TestSchemeAction) buildForTestSchemeCommandWantsSkip:buildAction:isProjectBuild:title:buildLog:isMoreDestinationsPending:runDestinations:runDestination:schemeCommand:executionEnvironment:restorePersistedBuildResults:operationToEnqueue:error:] (in Xcode3Core)
 11   -[Xcode3CommandLineBuildTool doSchemeBuildWithRunDestinations:runDestinationIdx:wantsSkip:buildActionTimingSection:timingSection:buildAction:isMoreDesinationsPending:actionResultBlock:title:buildLog:executionEnvironment:restorePersistedBuildResults:operationToEnqueue:error:] (in Xcode3Core)
 12   -[Xcode3CommandLineBuildTool doBuildForBuildAction:timingSection:colorize:colorizeFailure:error:] (in Xcode3Core)
 13   -[Xcode3CommandLineBuildTool _buildWithTimingSection:] (in Xcode3Core)
 14   -[Xcode3CommandLineBuildTool run] (in Xcode3Core)
 15   XcodeBuildMain (in libxcodebuildLoader.dylib)
 16   -[XcodebuildPreIDEHandler loadXcode3ProjectSupportAndRunXcode3CommandLineBuildToolWithArguments:] (in xcodebuild)
 17   -[XcodebuildPreIDEHandler runWithArguments:] (in xcodebuild)
 18   main (in xcodebuild)
 19   start (in dyld)

<DVTOperationGroup: 0x7f8d91657ed0; state = AREfc> created at:
  0   -[DVTOperation init] (in DVTFoundation)
  1   -[DVTOperationGroup init] (in DVTFoundation)
  2   +[DVTOperationGroup operationGroupWithSuboperations:] (in DVTFoundation)
  3   -[IDETestSchemeAction testOperationWithSchemeOperationParameters:testManager:buildOperation:buildParameters:schemeCommand:actionRecord:testPlanRunSpecifications:deviceAvailableChecker:outError:actionCallbackBlock:] (in IDEFoundation)
  4   -[IDEScheme(TestSchemeAction) executionOperationForTestSchemeActionWithOperationParameters:command:buildOperationVariantSpecifiers:buildOperationGroup:schemeActionResult:buildParameters:shouldOnlyBuild:runDestination:orderedOperations:schemeActionRecord:deviceAvailableChecker:actionCallbackBlock:error:] (in IDEFoundation)
  5   -[IDEScheme _executionOperationForSchemeOperationParameters:build:onlyBuild:buildParameters:title:buildLog:dontActuallyRunCommands:restorePersistedBuildResults:deviceAvailableChecker:error:actionCallbackBlock:] (in IDEFoundation)
  6   -[IDEScheme(TestSchemeAction) schemeTestActionOperationForSchemeOperationParameters:onlyBuild:buildLog:deviceAvailableChecker:buildParameters:shouldBuild:restorePersistedBuildResults:error:completionBlock:] (in IDEFoundation)
  7   -[IDEScheme buildAndActionTaskForSchemeOperationParameters:shouldBuild:onlyBuild:buildParameters:buildLog:deviceAvailableChecker:restorePersistedBuildResults:dontActuallyRunCommands:error:completionBlock:] (in IDEFoundation)
  8   -[IDEScheme schemeOperationForSchemeOperationParameters:buildLog:overridingProperties:overridingBuildConfiguration:dontActuallyRunCommands:restorePersistedBuildResults:deviceAvailableChecker:error:completionBlock:] (in IDEFoundation)
  9   -[IDEScheme schemeOperationForSchemeOperationParameters:buildLog:overridingProperties:overridingBuildConfiguration:dontActuallyRunCommands:restorePersistedBuildResults:error:completionBlock:] (in IDEFoundation)
 10   -[Xcode3CommandLineBuildTool(TestSchemeAction) buildForTestSchemeCommandWantsSkip:buildAction:isProjectBuild:title:buildLog:isMoreDestinationsPending:runDestinations:runDestination:schemeCommand:executionEnvironment:restorePersistedBuildResults:operationToEnqueue:error:] (in Xcode3Core)
 11   -[Xcode3CommandLineBuildTool doSchemeBuildWithRunDestinations:runDestinationIdx:wantsSkip:buildActionTimingSection:timingSection:buildAction:isMoreDesinationsPending:actionResultBlock:title:buildLog:executionEnvironment:restorePersistedBuildResults:operationToEnqueue:error:] (in Xcode3Core)
 12   -[Xcode3CommandLineBuildTool doBuildForBuildAction:timingSection:colorize:colorizeFailure:error:] (in Xcode3Core)
 13   -[Xcode3CommandLineBuildTool _buildWithTimingSection:] (in Xcode3Core)
 14   -[Xcode3CommandLineBuildTool run] (in Xcode3Core)
 15   XcodeBuildMain (in libxcodebuildLoader.dylib)
 16   -[XcodebuildPreIDEHandler loadXcode3ProjectSupportAndRunXcode3CommandLineBuildToolWithArguments:] (in xcodebuild)
 17   -[XcodebuildPreIDEHandler runWithArguments:] (in xcodebuild)
 18   main (in xcodebuild)
 19   start (in dyld)

<DVTOperationGroup: 0x7f8d91757870; state = AREfc> created at:
  0   -[DVTOperation init] (in DVTFoundation)
  1   -[DVTOperationGroup init] (in DVTFoundation)
  2   +[DVTOperationGroup operationGroupWithSuboperations:] (in DVTFoundation)
  3   -[IDETestSchemeAction testOperationWithSchemeOperationParameters:testManager:buildOperation:buildParameters:schemeCommand:actionRecord:testPlanRunSpecifications:deviceAvailableChecker:outError:actionCallbackBlock:] (in IDEFoundation)
  4   -[IDEScheme(TestSchemeAction) executionOperationForTestSchemeActionWithOperationParameters:command:buildOperationVariantSpecifiers:buildOperationGroup:schemeActionResult:buildParameters:shouldOnlyBuild:runDestination:orderedOperations:schemeActionRecord:deviceAvailableChecker:actionCallbackBlock:error:] (in IDEFoundation)
  5   -[IDEScheme _executionOperationForSchemeOperationParameters:build:onlyBuild:buildParameters:title:buildLog:dontActuallyRunCommands:restorePersistedBuildResults:deviceAvailableChecker:error:actionCallbackBlock:] (in IDEFoundation)
  6   -[IDEScheme(TestSchemeAction) schemeTestActionOperationForSchemeOperationParameters:onlyBuild:buildLog:deviceAvailableChecker:buildParameters:shouldBuild:restorePersistedBuildResults:error:completionBlock:] (in IDEFoundation)
  7   -[IDEScheme buildAndActionTaskForSchemeOperationParameters:shouldBuild:onlyBuild:buildParameters:buildLog:deviceAvailableChecker:restorePersistedBuildResults:dontActuallyRunCommands:error:completionBlock:] (in IDEFoundation)
  8   -[IDEScheme schemeOperationForSchemeOperationParameters:buildLog:overridingProperties:overridingBuildConfiguration:dontActuallyRunCommands:restorePersistedBuildResults:deviceAvailableChecker:error:completionBlock:] (in IDEFoundation)
  9   -[IDEScheme schemeOperationForSchemeOperationParameters:buildLog:overridingProperties:overridingBuildConfiguration:dontActuallyRunCommands:restorePersistedBuildResults:error:completionBlock:] (in IDEFoundation)
 10   -[Xcode3CommandLineBuildTool(TestSchemeAction) buildForTestSchemeCommandWantsSkip:buildAction:isProjectBuild:title:buildLog:isMoreDestinationsPending:runDestinations:runDestination:schemeCommand:executionEnvironment:restorePersistedBuildResults:operationToEnqueue:error:] (in Xcode3Core)
 11   -[Xcode3CommandLineBuildTool doSchemeBuildWithRunDestinations:runDestinationIdx:wantsSkip:buildActionTimingSection:timingSection:buildAction:isMoreDesinationsPending:actionResultBlock:title:buildLog:executionEnvironment:restorePersistedBuildResults:operationToEnqueue:error:] (in Xcode3Core)
 12   -[Xcode3CommandLineBuildTool doBuildForBuildAction:timingSection:colorize:colorizeFailure:error:] (in Xcode3Core)
 13   -[Xcode3CommandLineBuildTool _buildWithTimingSection:] (in Xcode3Core)
 14   -[Xcode3CommandLineBuildTool run] (in Xcode3Core)
 15   XcodeBuildMain (in libxcodebuildLoader.dylib)
 16   -[XcodebuildPreIDEHandler loadXcode3ProjectSupportAndRunXcode3CommandLineBuildToolWithArguments:] (in xcodebuild)
 17   -[XcodebuildPreIDEHandler runWithArguments:] (in xcodebuild)
 18   main (in xcodebuild)
 19   start (in dyld)

<__DVTSwiftAsyncOperation: 0x7f8d91399bf0; state = AReFc> created at:
  0   -[DVTOperation init] (in DVTFoundation)
  1   @objc DVTAsyncOperation.init() (in DVTFoundation)
  2   static DVTOperation.awaiting(_:) (in DVTFoundation)
  3   @objc static IDESchemeAction.operationToWaitForFinishedLoadingOperation(of:) (in IDEFoundation)
  4   -[IDESchemeAction setUpActionDependenciesForCorePhaseOperation:shouldRunPostActionsBlock:prePhaseEnvironmentPopulationBlock:postPhaseEnvironmentPopulationBlock:handlePreActionsActivityLogSection:handlePostActionsActivityLogSection:buildParameters:schemeActionResultOperation:error:] (in IDEFoundation)
  5   -[IDETestSchemeAction testOperationWithSchemeOperationParameters:testManager:buildOperation:buildParameters:schemeCommand:actionRecord:testPlanRunSpecifications:deviceAvailableChecker:outError:actionCallbackBlock:] (in IDEFoundation)
  6   -[IDEScheme(TestSchemeAction) executionOperationForTestSchemeActionWithOperationParameters:command:buildOperationVariantSpecifiers:buildOperationGroup:schemeActionResult:buildParameters:shouldOnlyBuild:runDestination:orderedOperations:schemeActionRecord:deviceAvailableChecker:actionCallbackBlock:error:] (in IDEFoundation)
  7   -[IDEScheme _executionOperationForSchemeOperationParameters:build:onlyBuild:buildParameters:title:buildLog:dontActuallyRunCommands:restorePersistedBuildResults:deviceAvailableChecker:error:actionCallbackBlock:] (in IDEFoundation)
  8   -[IDEScheme(TestSchemeAction) schemeTestActionOperationForSchemeOperationParameters:onlyBuild:buildLog:deviceAvailableChecker:buildParameters:shouldBuild:restorePersistedBuildResults:error:completionBlock:] (in IDEFoundation)
  9   -[IDEScheme buildAndActionTaskForSchemeOperationParameters:shouldBuild:onlyBuild:buildParameters:buildLog:deviceAvailableChecker:restorePersistedBuildResults:dontActuallyRunCommands:error:completionBlock:] (in IDEFoundation)
 10   -[IDEScheme schemeOperationForSchemeOperationParameters:buildLog:overridingProperties:overridingBuildConfiguration:dontActuallyRunCommands:restorePersistedBuildResults:deviceAvailableChecker:error:completionBlock:] (in IDEFoundation)
 11   -[IDEScheme schemeOperationForSchemeOperationParameters:buildLog:overridingProperties:overridingBuildConfiguration:dontActuallyRunCommands:restorePersistedBuildResults:error:completionBlock:] (in IDEFoundation)
 12   -[Xcode3CommandLineBuildTool(TestSchemeAction) buildForTestSchemeCommandWantsSkip:buildAction:isProjectBuild:title:buildLog:isMoreDestinationsPending:runDestinations:runDestination:schemeCommand:executionEnvironment:restorePersistedBuildResults:operationToEnqueue:error:] (in Xcode3Core)
 13   -[Xcode3CommandLineBuildTool doSchemeBuildWithRunDestinations:runDestinationIdx:wantsSkip:buildActionTimingSection:timingSection:buildAction:isMoreDesinationsPending:actionResultBlock:title:buildLog:executionEnvironment:restorePersistedBuildResults:operationToEnqueue:error:] (in Xcode3Core)
 14   -[Xcode3CommandLineBuildTool doBuildForBuildAction:timingSection:colorize:colorizeFailure:error:] (in Xcode3Core)
 15   -[Xcode3CommandLineBuildTool _buildWithTimingSection:] (in Xcode3Core)
 16   -[Xcode3CommandLineBuildTool run] (in Xcode3Core)
 17   XcodeBuildMain (in libxcodebuildLoader.dylib)
 18   -[XcodebuildPreIDEHandler loadXcode3ProjectSupportAndRunXcode3CommandLineBuildToolWithArguments:] (in xcodebuild)
 19   -[XcodebuildPreIDEHandler runWithArguments:] (in xcodebuild)
 20   main (in xcodebuild)
 21   start (in dyld)

<__DVTSwiftAsyncOperation: 0x7f8d8fe1e120; state = AReFc> created at:
  0   -[DVTOperation init] (in DVTFoundation)
  1   @objc DVTAsyncOperation.init() (in DVTFoundation)
  2   @objc static DVTOperation.operationWithMainThreadBlock(_:) (in DVTFoundation)
  3   -[IDESchemeAction _setUpOperationsForPackageLoadingInWorkspace:handlePreActionsActivityLogSection:isCleanOperation:] (in IDEFoundation)
  4   -[IDESchemeAction setUpActionDependenciesForCorePhaseOperation:shouldRunPostActionsBlock:prePhaseEnvironmentPopulationBlock:postPhaseEnvironmentPopulationBlock:handlePreActionsActivityLogSection:handlePostActionsActivityLogSection:buildParameters:schemeActionResultOperation:error:] (in IDEFoundation)
  5   -[IDETestSchemeAction testOperationWithSchemeOperationParameters:testManager:buildOperation:buildParameters:schemeCommand:actionRecord:testPlanRunSpecifications:deviceAvailableChecker:outError:actionCallbackBlock:] (in IDEFoundation)
  6   -[IDEScheme(TestSchemeAction) executionOperationForTestSchemeActionWithOperationParameters:command:buildOperationVariantSpecifiers:buildOperationGroup:schemeActionResult:buildParameters:shouldOnlyBuild:runDestination:orderedOperations:schemeActionRecord:deviceAvailableChecker:actionCallbackBlock:error:] (in IDEFoundation)
  7   -[IDEScheme _executionOperationForSchemeOperationParameters:build:onlyBuild:buildParameters:title:buildLog:dontActuallyRunCommands:restorePersistedBuildResults:deviceAvailableChecker:error:actionCallbackBlock:] (in IDEFoundation)
  8   -[IDEScheme(TestSchemeAction) schemeTestActionOperationForSchemeOperationParameters:onlyBuild:buildLog:deviceAvailableChecker:buildParameters:shouldBuild:restorePersistedBuildResults:error:completionBlock:] (in IDEFoundation)
  9   -[IDEScheme buildAndActionTaskForSchemeOperationParameters:shouldBuild:onlyBuild:buildParameters:buildLog:deviceAvailableChecker:restorePersistedBuildResults:dontActuallyRunCommands:error:completionBlock:] (in IDEFoundation)
 10   -[IDEScheme schemeOperationForSchemeOperationParameters:buildLog:overridingProperties:overridingBuildConfiguration:dontActuallyRunCommands:restorePersistedBuildResults:deviceAvailableChecker:error:completionBlock:] (in IDEFoundation)
 11   -[IDEScheme schemeOperationForSchemeOperationParameters:buildLog:overridingProperties:overridingBuildConfiguration:dontActuallyRunCommands:restorePersistedBuildResults:error:completionBlock:] (in IDEFoundation)
 12   -[Xcode3CommandLineBuildTool(TestSchemeAction) buildForTestSchemeCommandWantsSkip:buildAction:isProjectBuild:title:buildLog:isMoreDestinationsPending:runDestinations:runDestination:schemeCommand:executionEnvironment:restorePersistedBuildResults:operationToEnqueue:error:] (in Xcode3Core)
 13   -[Xcode3CommandLineBuildTool doSchemeBuildWithRunDestinations:runDestinationIdx:wantsSkip:buildActionTimingSection:timingSection:buildAction:isMoreDesinationsPending:actionResultBlock:title:buildLog:executionEnvironment:restorePersistedBuildResults:operationToEnqueue:error:] (in Xcode3Core)
 14   -[Xcode3CommandLineBuildTool doBuildForBuildAction:timingSection:colorize:colorizeFailure:error:] (in Xcode3Core)
 15   -[Xcode3CommandLineBuildTool _buildWithTimingSection:] (in Xcode3Core)
 16   -[Xcode3CommandLineBuildTool run] (in Xcode3Core)
 17   XcodeBuildMain (in libxcodebuildLoader.dylib)
 18   -[XcodebuildPreIDEHandler loadXcode3ProjectSupportAndRunXcode3CommandLineBuildToolWithArguments:] (in xcodebuild)
 19   -[XcodebuildPreIDEHandler runWithArguments:] (in xcodebuild)
 20   main (in xcodebuild)
 21   start (in dyld)

<DVTOperation: 0x7f8d91757730; state = arefc> created at:
  0   -[DVTOperation init] (in DVTFoundation)
  1   +[DVTOperation(DVTConveniences) operationWithBlock:] (in DVTFoundation)
  2   -[IDESchemeAction setUpActionDependenciesForCorePhaseOperation:shouldRunPostActionsBlock:prePhaseEnvironmentPopulationBlock:postPhaseEnvironmentPopulationBlock:handlePreActionsActivityLogSection:handlePostActionsActivityLogSection:buildParameters:schemeActionResultOperation:error:] (in IDEFoundation)
  3   -[IDETestSchemeAction testOperationWithSchemeOperationParameters:testManager:buildOperation:buildParameters:schemeCommand:actionRecord:testPlanRunSpecifications:deviceAvailableChecker:outError:actionCallbackBlock:] (in IDEFoundation)
  4   -[IDEScheme(TestSchemeAction) executionOperationForTestSchemeActionWithOperationParameters:command:buildOperationVariantSpecifiers:buildOperationGroup:schemeActionResult:buildParameters:shouldOnlyBuild:runDestination:orderedOperations:schemeActionRecord:deviceAvailableChecker:actionCallbackBlock:error:] (in IDEFoundation)
  5   -[IDEScheme _executionOperationForSchemeOperationParameters:build:onlyBuild:buildParameters:title:buildLog:dontActuallyRunCommands:restorePersistedBuildResults:deviceAvailableChecker:error:actionCallbackBlock:] (in IDEFoundation)
  6   -[IDEScheme(TestSchemeAction) schemeTestActionOperationForSchemeOperationParameters:onlyBuild:buildLog:deviceAvailableChecker:buildParameters:shouldBuild:restorePersistedBuildResults:error:completionBlock:] (in IDEFoundation)
  7   -[IDEScheme buildAndActionTaskForSchemeOperationParameters:shouldBuild:onlyBuild:buildParameters:buildLog:deviceAvailableChecker:restorePersistedBuildResults:dontActuallyRunCommands:error:completionBlock:] (in IDEFoundation)
  8   -[IDEScheme schemeOperationForSchemeOperationParameters:buildLog:overridingProperties:overridingBuildConfiguration:dontActuallyRunCommands:restorePersistedBuildResults:deviceAvailableChecker:error:completionBlock:] (in IDEFoundation)
  9   -[IDEScheme schemeOperationForSchemeOperationParameters:buildLog:overridingProperties:overridingBuildConfiguration:dontActuallyRunCommands:restorePersistedBuildResults:error:completionBlock:] (in IDEFoundation)
 10   -[Xcode3CommandLineBuildTool(TestSchemeAction) buildForTestSchemeCommandWantsSkip:buildAction:isProjectBuild:title:buildLog:isMoreDestinationsPending:runDestinations:runDestination:schemeCommand:executionEnvironment:restorePersistedBuildResults:operationToEnqueue:error:] (in Xcode3Core)
 11   -[Xcode3CommandLineBuildTool doSchemeBuildWithRunDestinations:runDestinationIdx:wantsSkip:buildActionTimingSection:timingSection:buildAction:isMoreDesinationsPending:actionResultBlock:title:buildLog:executionEnvironment:restorePersistedBuildResults:operationToEnqueue:error:] (in Xcode3Core)
 12   -[Xcode3CommandLineBuildTool doBuildForBuildAction:timingSection:colorize:colorizeFailure:error:] (in Xcode3Core)
 13   -[Xcode3CommandLineBuildTool _buildWithTimingSection:] (in Xcode3Core)
 14   -[Xcode3CommandLineBuildTool run] (in Xcode3Core)
 15   XcodeBuildMain (in libxcodebuildLoader.dylib)
 16   -[XcodebuildPreIDEHandler loadXcode3ProjectSupportAndRunXcode3CommandLineBuildToolWithArguments:] (in xcodebuild)
 17   -[XcodebuildPreIDEHandler runWithArguments:] (in xcodebuild)
 18   main (in xcodebuild)
 19   start (in dyld)

<DVTOperation: 0x7f8d91757370; state = aReFc> created at:
  0   -[DVTOperation init] (in DVTFoundation)
  1   +[DVTOperation(DVTConveniences) operationWithBlock:] (in DVTFoundation)
  2   -[IDESchemeAction setUpActionDependenciesForCorePhaseOperation:shouldRunPostActionsBlock:prePhaseEnvironmentPopulationBlock:postPhaseEnvironmentPopulationBlock:handlePreActionsActivityLogSection:handlePostActionsActivityLogSection:buildParameters:schemeActionResultOperation:error:] (in IDEFoundation)
  3   -[IDETestSchemeAction testOperationWithSchemeOperationParameters:testManager:buildOperation:buildParameters:schemeCommand:actionRecord:testPlanRunSpecifications:deviceAvailableChecker:outError:actionCallbackBlock:] (in IDEFoundation)
  4   -[IDEScheme(TestSchemeAction) executionOperationForTestSchemeActionWithOperationParameters:command:buildOperationVariantSpecifiers:buildOperationGroup:schemeActionResult:buildParameters:shouldOnlyBuild:runDestination:orderedOperations:schemeActionRecord:deviceAvailableChecker:actionCallbackBlock:error:] (in IDEFoundation)
  5   -[IDEScheme _executionOperationForSchemeOperationParameters:build:onlyBuild:buildParameters:title:buildLog:dontActuallyRunCommands:restorePersistedBuildResults:deviceAvailableChecker:error:actionCallbackBlock:] (in IDEFoundation)
  6   -[IDEScheme(TestSchemeAction) schemeTestActionOperationForSchemeOperationParameters:onlyBuild:buildLog:deviceAvailableChecker:buildParameters:shouldBuild:restorePersistedBuildResults:error:completionBlock:] (in IDEFoundation)
  7   -[IDEScheme buildAndActionTaskForSchemeOperationParameters:shouldBuild:onlyBuild:buildParameters:buildLog:deviceAvailableChecker:restorePersistedBuildResults:dontActuallyRunCommands:error:completionBlock:] (in IDEFoundation)
  8   -[IDEScheme schemeOperationForSchemeOperationParameters:buildLog:overridingProperties:overridingBuildConfiguration:dontActuallyRunCommands:restorePersistedBuildResults:deviceAvailableChecker:error:completionBlock:] (in IDEFoundation)
  9   -[IDEScheme schemeOperationForSchemeOperationParameters:buildLog:overridingProperties:overridingBuildConfiguration:dontActuallyRunCommands:restorePersistedBuildResults:error:completionBlock:] (in IDEFoundation)
 10   -[Xcode3CommandLineBuildTool(TestSchemeAction) buildForTestSchemeCommandWantsSkip:buildAction:isProjectBuild:title:buildLog:isMoreDestinationsPending:runDestinations:runDestination:schemeCommand:executionEnvironment:restorePersistedBuildResults:operationToEnqueue:error:] (in Xcode3Core)
 11   -[Xcode3CommandLineBuildTool doSchemeBuildWithRunDestinations:runDestinationIdx:wantsSkip:buildActionTimingSection:timingSection:buildAction:isMoreDesinationsPending:actionResultBlock:title:buildLog:executionEnvironment:restorePersistedBuildResults:operationToEnqueue:error:] (in Xcode3Core)
 12   -[Xcode3CommandLineBuildTool doBuildForBuildAction:timingSection:colorize:colorizeFailure:error:] (in Xcode3Core)
 13   -[Xcode3CommandLineBuildTool _buildWithTimingSection:] (in Xcode3Core)
 14   -[Xcode3CommandLineBuildTool run] (in Xcode3Core)
 15   XcodeBuildMain (in libxcodebuildLoader.dylib)
 16   -[XcodebuildPreIDEHandler loadXcode3ProjectSupportAndRunXcode3CommandLineBuildToolWithArguments:] (in xcodebuild)
 17   -[XcodebuildPreIDEHandler runWithArguments:] (in xcodebuild)
 18   main (in xcodebuild)
 19   start (in dyld)

<__DVTSwiftAsyncOperation: 0x7f8d91395dc0; state = AReFc> created at:
  0   -[DVTOperation init] (in DVTFoundation)
  1   @objc DVTAsyncOperation.init() (in DVTFoundation)
  2   @objc static DVTOperation.operationWithMainThreadBlock(_:) (in DVTFoundation)
  3   -[IDESchemeAction _setUpOperationsForPackageLoadingInWorkspace:handlePreActionsActivityLogSection:isCleanOperation:] (in IDEFoundation)
  4   -[IDESchemeAction setUpActionDependenciesForCorePhaseOperation:shouldRunPostActionsBlock:prePhaseEnvironmentPopulationBlock:postPhaseEnvironmentPopulationBlock:handlePreActionsActivityLogSection:handlePostActionsActivityLogSection:buildParameters:schemeActionResultOperation:error:] (in IDEFoundation)
  5   -[IDETestSchemeAction testOperationWithSchemeOperationParameters:testManager:buildOperation:buildParameters:schemeCommand:actionRecord:testPlanRunSpecifications:deviceAvailableChecker:outError:actionCallbackBlock:] (in IDEFoundation)
  6   -[IDEScheme(TestSchemeAction) executionOperationForTestSchemeActionWithOperationParameters:command:buildOperationVariantSpecifiers:buildOperationGroup:schemeActionResult:buildParameters:shouldOnlyBuild:runDestination:orderedOperations:schemeActionRecord:deviceAvailableChecker:actionCallbackBlock:error:] (in IDEFoundation)
  7   -[IDEScheme _executionOperationForSchemeOperationParameters:build:onlyBuild:buildParameters:title:buildLog:dontActuallyRunCommands:restorePersistedBuildResults:deviceAvailableChecker:error:actionCallbackBlock:] (in IDEFoundation)
  8   -[IDEScheme(TestSchemeAction) schemeTestActionOperationForSchemeOperationParameters:onlyBuild:buildLog:deviceAvailableChecker:buildParameters:shouldBuild:restorePersistedBuildResults:error:completionBlock:] (in IDEFoundation)
  9   -[IDEScheme buildAndActionTaskForSchemeOperationParameters:shouldBuild:onlyBuild:buildParameters:buildLog:deviceAvailableChecker:restorePersistedBuildResults:dontActuallyRunCommands:error:completionBlock:] (in IDEFoundation)
 10   -[IDEScheme schemeOperationForSchemeOperationParameters:buildLog:overridingProperties:overridingBuildConfiguration:dontActuallyRunCommands:restorePersistedBuildResults:deviceAvailableChecker:error:completionBlock:] (in IDEFoundation)
 11   -[IDEScheme schemeOperationForSchemeOperationParameters:buildLog:overridingProperties:overridingBuildConfiguration:dontActuallyRunCommands:restorePersistedBuildResults:error:completionBlock:] (in IDEFoundation)
 12   -[Xcode3CommandLineBuildTool(TestSchemeAction) buildForTestSchemeCommandWantsSkip:buildAction:isProjectBuild:title:buildLog:isMoreDestinationsPending:runDestinations:runDestination:schemeCommand:executionEnvironment:restorePersistedBuildResults:operationToEnqueue:error:] (in Xcode3Core)
 13   -[Xcode3CommandLineBuildTool doSchemeBuildWithRunDestinations:runDestinationIdx:wantsSkip:buildActionTimingSection:timingSection:buildAction:isMoreDesinationsPending:actionResultBlock:title:buildLog:executionEnvironment:restorePersistedBuildResults:operationToEnqueue:error:] (in Xcode3Core)
 14   -[Xcode3CommandLineBuildTool doBuildForBuildAction:timingSection:colorize:colorizeFailure:error:] (in Xcode3Core)
 15   -[Xcode3CommandLineBuildTool _buildWithTimingSection:] (in Xcode3Core)
 16   -[Xcode3CommandLineBuildTool run] (in Xcode3Core)
 17   XcodeBuildMain (in libxcodebuildLoader.dylib)
 18   -[XcodebuildPreIDEHandler loadXcode3ProjectSupportAndRunXcode3CommandLineBuildToolWithArguments:] (in xcodebuild)
 19   -[XcodebuildPreIDEHandler runWithArguments:] (in xcodebuild)
 20   main (in xcodebuild)
 21   start (in dyld)

<__DVTSwiftAsyncOperation: 0x7f8d8fe1dd70; state = AReFc> created at:
  0   -[DVTOperation init] (in DVTFoundation)
  1   @objc DVTAsyncOperation.init() (in DVTFoundation)
  2   static DVTOperation.awaiting(_:) (in DVTFoundation)
  3   @objc static IDESchemeAction.operationToWaitForFinishedLoadingOperation(of:) (in IDEFoundation)
  4   -[IDESchemeAction _setUpOperationsForPackageLoadingInWorkspace:handlePreActionsActivityLogSection:isCleanOperation:] (in IDEFoundation)
  5   -[IDESchemeAction setUpActionDependenciesForCorePhaseOperation:shouldRunPostActionsBlock:prePhaseEnvironmentPopulationBlock:postPhaseEnvironmentPopulationBlock:handlePreActionsActivityLogSection:handlePostActionsActivityLogSection:buildParameters:schemeActionResultOperation:error:] (in IDEFoundation)
  6   -[IDETestSchemeAction testOperationWithSchemeOperationParameters:testManager:buildOperation:buildParameters:schemeCommand:actionRecord:testPlanRunSpecifications:deviceAvailableChecker:outError:actionCallbackBlock:] (in IDEFoundation)
  7   -[IDEScheme(TestSchemeAction) executionOperationForTestSchemeActionWithOperationParameters:command:buildOperationVariantSpecifiers:buildOperationGroup:schemeActionResult:buildParameters:shouldOnlyBuild:runDestination:orderedOperations:schemeActionRecord:deviceAvailableChecker:actionCallbackBlock:error:] (in IDEFoundation)
  8   -[IDEScheme _executionOperationForSchemeOperationParameters:build:onlyBuild:buildParameters:title:buildLog:dontActuallyRunCommands:restorePersistedBuildResults:deviceAvailableChecker:error:actionCallbackBlock:] (in IDEFoundation)
  9   -[IDEScheme(TestSchemeAction) schemeTestActionOperationForSchemeOperationParameters:onlyBuild:buildLog:deviceAvailableChecker:buildParameters:shouldBuild:restorePersistedBuildResults:error:completionBlock:] (in IDEFoundation)
 10   -[IDEScheme buildAndActionTaskForSchemeOperationParameters:shouldBuild:onlyBuild:buildParameters:buildLog:deviceAvailableChecker:restorePersistedBuildResults:dontActuallyRunCommands:error:completionBlock:] (in IDEFoundation)
 11   -[IDEScheme schemeOperationForSchemeOperationParameters:buildLog:overridingProperties:overridingBuildConfiguration:dontActuallyRunCommands:restorePersistedBuildResults:deviceAvailableChecker:error:completionBlock:] (in IDEFoundation)
 12   -[IDEScheme schemeOperationForSchemeOperationParameters:buildLog:overridingProperties:overridingBuildConfiguration:dontActuallyRunCommands:restorePersistedBuildResults:error:completionBlock:] (in IDEFoundation)
 13   -[Xcode3CommandLineBuildTool(TestSchemeAction) buildForTestSchemeCommandWantsSkip:buildAction:isProjectBuild:title:buildLog:isMoreDestinationsPending:runDestinations:runDestination:schemeCommand:executionEnvironment:restorePersistedBuildResults:operationToEnqueue:error:] (in Xcode3Core)
 14   -[Xcode3CommandLineBuildTool doSchemeBuildWithRunDestinations:runDestinationIdx:wantsSkip:buildActionTimingSection:timingSection:buildAction:isMoreDesinationsPending:actionResultBlock:title:buildLog:executionEnvironment:restorePersistedBuildResults:operationToEnqueue:error:] (in Xcode3Core)
 15   -[Xcode3CommandLineBuildTool doBuildForBuildAction:timingSection:colorize:colorizeFailure:error:] (in Xcode3Core)
 16   -[Xcode3CommandLineBuildTool _buildWithTimingSection:] (in Xcode3Core)
 17   -[Xcode3CommandLineBuildTool run] (in Xcode3Core)
 18   XcodeBuildMain (in libxcodebuildLoader.dylib)
 19   -[XcodebuildPreIDEHandler loadXcode3ProjectSupportAndRunXcode3CommandLineBuildToolWithArguments:] (in xcodebuild)
 20   -[XcodebuildPreIDEHandler runWithArguments:] (in xcodebuild)
 21   main (in xcodebuild)
 22   start (in dyld)

<DVTOperation: 0x7f8d917575f0; state = arefc> created at:
  0   -[DVTOperation init] (in DVTFoundation)
  1   +[DVTOperation(DVTConveniences) operationWithBlock:] (in DVTFoundation)
  2   -[IDESchemeAction setUpActionDependenciesForCorePhaseOperation:shouldRunPostActionsBlock:prePhaseEnvironmentPopulationBlock:postPhaseEnvironmentPopulationBlock:handlePreActionsActivityLogSection:handlePostActionsActivityLogSection:buildParameters:schemeActionResultOperation:error:] (in IDEFoundation)
  3   -[IDETestSchemeAction testOperationWithSchemeOperationParameters:testManager:buildOperation:buildParameters:schemeCommand:actionRecord:testPlanRunSpecifications:deviceAvailableChecker:outError:actionCallbackBlock:] (in IDEFoundation)
  4   -[IDEScheme(TestSchemeAction) executionOperationForTestSchemeActionWithOperationParameters:command:buildOperationVariantSpecifiers:buildOperationGroup:schemeActionResult:buildParameters:shouldOnlyBuild:runDestination:orderedOperations:schemeActionRecord:deviceAvailableChecker:actionCallbackBlock:error:] (in IDEFoundation)
  5   -[IDEScheme _executionOperationForSchemeOperationParameters:build:onlyBuild:buildParameters:title:buildLog:dontActuallyRunCommands:restorePersistedBuildResults:deviceAvailableChecker:error:actionCallbackBlock:] (in IDEFoundation)
  6   -[IDEScheme(TestSchemeAction) schemeTestActionOperationForSchemeOperationParameters:onlyBuild:buildLog:deviceAvailableChecker:buildParameters:shouldBuild:restorePersistedBuildResults:error:completionBlock:] (in IDEFoundation)
  7   -[IDEScheme buildAndActionTaskForSchemeOperationParameters:shouldBuild:onlyBuild:buildParameters:buildLog:deviceAvailableChecker:restorePersistedBuildResults:dontActuallyRunCommands:error:completionBlock:] (in IDEFoundation)
  8   -[IDEScheme schemeOperationForSchemeOperationParameters:buildLog:overridingProperties:overridingBuildConfiguration:dontActuallyRunCommands:restorePersistedBuildResults:deviceAvailableChecker:error:completionBlock:] (in IDEFoundation)
  9   -[IDEScheme schemeOperationForSchemeOperationParameters:buildLog:overridingProperties:overridingBuildConfiguration:dontActuallyRunCommands:restorePersistedBuildResults:error:completionBlock:] (in IDEFoundation)
 10   -[Xcode3CommandLineBuildTool(TestSchemeAction) buildForTestSchemeCommandWantsSkip:buildAction:isProjectBuild:title:buildLog:isMoreDestinationsPending:runDestinations:runDestination:schemeCommand:executionEnvironment:restorePersistedBuildResults:operationToEnqueue:error:] (in Xcode3Core)
 11   -[Xcode3CommandLineBuildTool doSchemeBuildWithRunDestinations:runDestinationIdx:wantsSkip:buildActionTimingSection:timingSection:buildAction:isMoreDesinationsPending:actionResultBlock:title:buildLog:executionEnvironment:restorePersistedBuildResults:operationToEnqueue:error:] (in Xcode3Core)
 12   -[Xcode3CommandLineBuildTool doBuildForBuildAction:timingSection:colorize:colorizeFailure:error:] (in Xcode3Core)
 13   -[Xcode3CommandLineBuildTool _buildWithTimingSection:] (in Xcode3Core)
 14   -[Xcode3CommandLineBuildTool run] (in Xcode3Core)
 15   XcodeBuildMain (in libxcodebuildLoader.dylib)
 16   -[XcodebuildPreIDEHandler loadXcode3ProjectSupportAndRunXcode3CommandLineBuildToolWithArguments:] (in xcodebuild)
 17   -[XcodebuildPreIDEHandler runWithArguments:] (in xcodebuild)
 18   main (in xcodebuild)
 19   start (in dyld)

<IDESchemeActionResultOperation: 0x7f8d9046e290; state = Arefc> created at:
  0   -[DVTOperation init] (in DVTFoundation)
  1   +[IDESchemeActionResultOperation schemeActionResultOperationWithSchemeActionRecord:trackingExecutionOfOperation:actionCallbackBlock:schemeActionResultComputationBlock:] (in IDEFoundation)
  2   -[IDETestRunSession testOperationForTestRunSpecificationGroups:executionEnvironment:invocationRecord:actionRecord:schemeIdentifier:outSchemeActionResultOperation:launchParametersBlock:actionCallbackBlock:error:] (in IDEFoundation)
  3   -[IDETestManager testOperationForTestRunSpecificationGroups:executionEnvironment:runDestinationPool:invocationRecord:actionRecord:schemeIdentifier:outSchemeActionResultOperation:launchParametersBlock:actionCallbackBlock:error:] (in IDEFoundation)
  4   -[IDETestSchemeAction testOperationWithSchemeOperationParameters:testManager:buildOperation:buildParameters:schemeCommand:actionRecord:testPlanRunSpecifications:deviceAvailableChecker:outError:actionCallbackBlock:] (in IDEFoundation)
  5   -[IDEScheme(TestSchemeAction) executionOperationForTestSchemeActionWithOperationParameters:command:buildOperationVariantSpecifiers:buildOperationGroup:schemeActionResult:buildParameters:shouldOnlyBuild:runDestination:orderedOperations:schemeActionRecord:deviceAvailableChecker:actionCallbackBlock:error:] (in IDEFoundation)
  6   -[IDEScheme _executionOperationForSchemeOperationParameters:build:onlyBuild:buildParameters:title:buildLog:dontActuallyRunCommands:restorePersistedBuildResults:deviceAvailableChecker:error:actionCallbackBlock:] (in IDEFoundation)
  7   -[IDEScheme(TestSchemeAction) schemeTestActionOperationForSchemeOperationParameters:onlyBuild:buildLog:deviceAvailableChecker:buildParameters:shouldBuild:restorePersistedBuildResults:error:completionBlock:] (in IDEFoundation)
  8   -[IDEScheme buildAndActionTaskForSchemeOperationParameters:shouldBuild:onlyBuild:buildParameters:buildLog:deviceAvailableChecker:restorePersistedBuildResults:dontActuallyRunCommands:error:completionBlock:] (in IDEFoundation)
  9   -[IDEScheme schemeOperationForSchemeOperationParameters:buildLog:overridingProperties:overridingBuildConfiguration:dontActuallyRunCommands:restorePersistedBuildResults:deviceAvailableChecker:error:completionBlock:] (in IDEFoundation)
 10   -[IDEScheme schemeOperationForSchemeOperationParameters:buildLog:overridingProperties:overridingBuildConfiguration:dontActuallyRunCommands:restorePersistedBuildResults:error:completionBlock:] (in IDEFoundation)
 11   -[Xcode3CommandLineBuildTool(TestSchemeAction) buildForTestSchemeCommandWantsSkip:buildAction:isProjectBuild:title:buildLog:isMoreDestinationsPending:runDestinations:runDestination:schemeCommand:executionEnvironment:restorePersistedBuildResults:operationToEnqueue:error:] (in Xcode3Core)
 12   -[Xcode3CommandLineBuildTool doSchemeBuildWithRunDestinations:runDestinationIdx:wantsSkip:buildActionTimingSection:timingSection:buildAction:isMoreDesinationsPending:actionResultBlock:title:buildLog:executionEnvironment:restorePersistedBuildResults:operationToEnqueue:error:] (in Xcode3Core)
 13   -[Xcode3CommandLineBuildTool doBuildForBuildAction:timingSection:colorize:colorizeFailure:error:] (in Xcode3Core)
 14   -[Xcode3CommandLineBuildTool _buildWithTimingSection:] (in Xcode3Core)
 15   -[Xcode3CommandLineBuildTool run] (in Xcode3Core)
 16   XcodeBuildMain (in libxcodebuildLoader.dylib)
 17   -[XcodebuildPreIDEHandler loadXcode3ProjectSupportAndRunXcode3CommandLineBuildToolWithArguments:] (in xcodebuild)
 18   -[XcodebuildPreIDEHandler runWithArguments:] (in xcodebuild)
 19   main (in xcodebuild)
 20   start (in dyld)

<DVTOperationGroup: 0x7f8d8f9bae30; state = AREf!c> created at:
  0   -[DVTOperation init] (in DVTFoundation)
  1   -[DVTOperationGroup init] (in DVTFoundation)
  2   -[IDETestRunSession testOperationForTestRunSpecificationGroups:executionEnvironment:invocationRecord:actionRecord:schemeIdentifier:outSchemeActionResultOperation:launchParametersBlock:actionCallbackBlock:error:] (in IDEFoundation)
  3   -[IDETestManager testOperationForTestRunSpecificationGroups:executionEnvironment:runDestinationPool:invocationRecord:actionRecord:schemeIdentifier:outSchemeActionResultOperation:launchParametersBlock:actionCallbackBlock:error:] (in IDEFoundation)
  4   -[IDETestSchemeAction testOperationWithSchemeOperationParameters:testManager:buildOperation:buildParameters:schemeCommand:actionRecord:testPlanRunSpecifications:deviceAvailableChecker:outError:actionCallbackBlock:] (in IDEFoundation)
  5   -[IDEScheme(TestSchemeAction) executionOperationForTestSchemeActionWithOperationParameters:command:buildOperationVariantSpecifiers:buildOperationGroup:schemeActionResult:buildParameters:shouldOnlyBuild:runDestination:orderedOperations:schemeActionRecord:deviceAvailableChecker:actionCallbackBlock:error:] (in IDEFoundation)
  6   -[IDEScheme _executionOperationForSchemeOperationParameters:build:onlyBuild:buildParameters:title:buildLog:dontActuallyRunCommands:restorePersistedBuildResults:deviceAvailableChecker:error:actionCallbackBlock:] (in IDEFoundation)
  7   -[IDEScheme(TestSchemeAction) schemeTestActionOperationForSchemeOperationParameters:onlyBuild:buildLog:deviceAvailableChecker:buildParameters:shouldBuild:restorePersistedBuildResults:error:completionBlock:] (in IDEFoundation)
  8   -[IDEScheme buildAndActionTaskForSchemeOperationParameters:shouldBuild:onlyBuild:buildParameters:buildLog:deviceAvailableChecker:restorePersistedBuildResults:dontActuallyRunCommands:error:completionBlock:] (in IDEFoundation)
  9   -[IDEScheme schemeOperationForSchemeOperationParameters:buildLog:overridingProperties:overridingBuildConfiguration:dontActuallyRunCommands:restorePersistedBuildResults:deviceAvailableChecker:error:completionBlock:] (in IDEFoundation)
 10   -[IDEScheme schemeOperationForSchemeOperationParameters:buildLog:overridingProperties:overridingBuildConfiguration:dontActuallyRunCommands:restorePersistedBuildResults:error:completionBlock:] (in IDEFoundation)
 11   -[Xcode3CommandLineBuildTool(TestSchemeAction) buildForTestSchemeCommandWantsSkip:buildAction:isProjectBuild:title:buildLog:isMoreDestinationsPending:runDestinations:runDestination:schemeCommand:executionEnvironment:restorePersistedBuildResults:operationToEnqueue:error:] (in Xcode3Core)
 12   -[Xcode3CommandLineBuildTool doSchemeBuildWithRunDestinations:runDestinationIdx:wantsSkip:buildActionTimingSection:timingSection:buildAction:isMoreDesinationsPending:actionResultBlock:title:buildLog:executionEnvironment:restorePersistedBuildResults:operationToEnqueue:error:] (in Xcode3Core)
 13   -[Xcode3CommandLineBuildTool doBuildForBuildAction:timingSection:colorize:colorizeFailure:error:] (in Xcode3Core)
 14   -[Xcode3CommandLineBuildTool _buildWithTimingSection:] (in Xcode3Core)
 15   -[Xcode3CommandLineBuildTool run] (in Xcode3Core)
 16   XcodeBuildMain (in libxcodebuildLoader.dylib)
 17   -[XcodebuildPreIDEHandler loadXcode3ProjectSupportAndRunXcode3CommandLineBuildToolWithArguments:] (in xcodebuild)
 18   -[XcodebuildPreIDEHandler runWithArguments:] (in xcodebuild)
 19   main (in xcodebuild)
 20   start (in dyld)

<DVTOperation: 0x7f8d91873f40; state = aReFc> created at:
  0   -[DVTOperation init] (in DVTFoundation)
  1   +[DVTOperation(DVTConveniences) operationWithBlock:] (in DVTFoundation)
  2   -[IDETestRunSession testOperationForTestRunSpecificationGroups:executionEnvironment:invocationRecord:actionRecord:schemeIdentifier:outSchemeActionResultOperation:launchParametersBlock:actionCallbackBlock:error:] (in IDEFoundation)
  3   -[IDETestManager testOperationForTestRunSpecificationGroups:executionEnvironment:runDestinationPool:invocationRecord:actionRecord:schemeIdentifier:outSchemeActionResultOperation:launchParametersBlock:actionCallbackBlock:error:] (in IDEFoundation)
  4   -[IDETestSchemeAction testOperationWithSchemeOperationParameters:testManager:buildOperation:buildParameters:schemeCommand:actionRecord:testPlanRunSpecifications:deviceAvailableChecker:outError:actionCallbackBlock:] (in IDEFoundation)
  5   -[IDEScheme(TestSchemeAction) executionOperationForTestSchemeActionWithOperationParameters:command:buildOperationVariantSpecifiers:buildOperationGroup:schemeActionResult:buildParameters:shouldOnlyBuild:runDestination:orderedOperations:schemeActionRecord:deviceAvailableChecker:actionCallbackBlock:error:] (in IDEFoundation)
  6   -[IDEScheme _executionOperationForSchemeOperationParameters:build:onlyBuild:buildParameters:title:buildLog:dontActuallyRunCommands:restorePersistedBuildResults:deviceAvailableChecker:error:actionCallbackBlock:] (in IDEFoundation)
  7   -[IDEScheme(TestSchemeAction) schemeTestActionOperationForSchemeOperationParameters:onlyBuild:buildLog:deviceAvailableChecker:buildParameters:shouldBuild:restorePersistedBuildResults:error:completionBlock:] (in IDEFoundation)
  8   -[IDEScheme buildAndActionTaskForSchemeOperationParameters:shouldBuild:onlyBuild:buildParameters:buildLog:deviceAvailableChecker:restorePersistedBuildResults:dontActuallyRunCommands:error:completionBlock:] (in IDEFoundation)
  9   -[IDEScheme schemeOperationForSchemeOperationParameters:buildLog:overridingProperties:overridingBuildConfiguration:dontActuallyRunCommands:restorePersistedBuildResults:deviceAvailableChecker:error:completionBlock:] (in IDEFoundation)
 10   -[IDEScheme schemeOperationForSchemeOperationParameters:buildLog:overridingProperties:overridingBuildConfiguration:dontActuallyRunCommands:restorePersistedBuildResults:error:completionBlock:] (in IDEFoundation)
 11   -[Xcode3CommandLineBuildTool(TestSchemeAction) buildForTestSchemeCommandWantsSkip:buildAction:isProjectBuild:title:buildLog:isMoreDestinationsPending:runDestinations:runDestination:schemeCommand:executionEnvironment:restorePersistedBuildResults:operationToEnqueue:error:] (in Xcode3Core)
 12   -[Xcode3CommandLineBuildTool doSchemeBuildWithRunDestinations:runDestinationIdx:wantsSkip:buildActionTimingSection:timingSection:buildAction:isMoreDesinationsPending:actionResultBlock:title:buildLog:executionEnvironment:restorePersistedBuildResults:operationToEnqueue:error:] (in Xcode3Core)
 13   -[Xcode3CommandLineBuildTool doBuildForBuildAction:timingSection:colorize:colorizeFailure:error:] (in Xcode3Core)
 14   -[Xcode3CommandLineBuildTool _buildWithTimingSection:] (in Xcode3Core)
 15   -[Xcode3CommandLineBuildTool run] (in Xcode3Core)
 16   XcodeBuildMain (in libxcodebuildLoader.dylib)
 17   -[XcodebuildPreIDEHandler loadXcode3ProjectSupportAndRunXcode3CommandLineBuildToolWithArguments:] (in xcodebuild)
 18   -[XcodebuildPreIDEHandler runWithArguments:] (in xcodebuild)
 19   main (in xcodebuild)
 20   start (in dyld)

<IDERunOperation: 0x7f8d91bf1b00; state = aReF!c> created at:
  0   -[DVTOperation init] (in DVTFoundation)
  1   -[IDERunOperation initWithWorker:] (in IDEFoundation)
  2   +[IDETestRunnerLaunchOperationFactory testRunOperationWithLaunchParameters:testRunSpecification:testConfiguration:executionEnvironment:schemeActionRecord:runDestination:localDeviceRunDestination:error:] (in IDEFoundation)
  3   __110+[IDETestRunnerLaunchOperationFactory makeLaunchOperationProviderWithExecutionEnvironment:schemeActionRecord:]_block_invoke (in IDEFoundation)
  4   thunk for @escaping @callee_unowned @convention(block) (@unowned XCTHRunDestination, @unowned XCTHTestRunSpecification, @unowned XCTestConfiguration, @unowned XCTHLaunchParameters, @unowned AutoreleasingUnsafeMutablePointer<NSError?>?) -> (@autoreleased (NSOperation & XCTHRunOperation)?) (in XCTHarness)
  5   thunk for @escaping @callee_guaranteed (@guaranteed XCTHRunDestination, @guaranteed XCTHTestRunSpecification, @guaranteed XCTestConfiguration, @guaranteed XCTHLaunchParameters, @unowned AutoreleasingUnsafeMutablePointer<NSError?>?) -> (@owned (NSOperation & XCTHRunOperation)?) (in XCTHarness)
  6   -[XCTHTestRunner _testRunOperationWithError:] (in XCTHarness)
  7   -[XCTHTestRunner _addTestRunOperation:] (in XCTHarness)
  8   -[XCTHTestRunner testOperationWithError:] (in XCTHarness)
  9   -[XCTHTestTargetRunner workerWasProvided:] (in XCTHarness)
 10   __40-[XCTHTestTargetRunner requestNewWorker]_block_invoke (in XCTHarness)
 11   __45-[XCTHFuture observeFinishOnQueue:withBlock:]_block_invoke_2 (in XCTHarness)
 12   __XCTHAsyncPerformBlockOnMainRunLoop_block_invoke (in XCTHarness)
 13   __CFRUNLOOP_IS_CALLING_OUT_TO_A_BLOCK__ (in CoreFoundation)
 14   __CFRunLoopDoBlocks (in CoreFoundation)
 15   __CFRunLoopRun (in CoreFoundation)
 16   _CFRunLoopRunSpecificWithOptions (in CoreFoundation)
 17   CFRunLoopRun (in CoreFoundation)
 18   -[Xcode3CommandLineBuildTool waitForBuildWithBuildLog:buildActionTimingSection:executionEnvironment:title:operationToEnqueue:error:] (in Xcode3Core)
 19   -[Xcode3CommandLineBuildTool doBuildForBuildAction:timingSection:colorize:colorizeFailure:error:] (in Xcode3Core)
 20   -[Xcode3CommandLineBuildTool _buildWithTimingSection:] (in Xcode3Core)
 21   -[Xcode3CommandLineBuildTool run] (in Xcode3Core)
 22   XcodeBuildMain (in libxcodebuildLoader.dylib)
 23   -[XcodebuildPreIDEHandler loadXcode3ProjectSupportAndRunXcode3CommandLineBuildToolWithArguments:] (in xcodebuild)
 24   -[XcodebuildPreIDEHandler runWithArguments:] (in xcodebuild)
 25   main (in xcodebuild)
 26   start (in dyld)

<DVTOperation: 0x7f8d917574b0; state = aReFc> created at:
  0   -[DVTOperation init] (in DVTFoundation)
  1   +[DVTOperation(DVTConveniences) operationWithBlock:] (in DVTFoundation)
  2   -[IDESchemeAction setUpActionDependenciesForCorePhaseOperation:shouldRunPostActionsBlock:prePhaseEnvironmentPopulationBlock:postPhaseEnvironmentPopulationBlock:handlePreActionsActivityLogSection:handlePostActionsActivityLogSection:buildParameters:schemeActionResultOperation:error:] (in IDEFoundation)
  3   -[IDETestSchemeAction testOperationWithSchemeOperationParameters:testManager:buildOperation:buildParameters:schemeCommand:actionRecord:testPlanRunSpecifications:deviceAvailableChecker:outError:actionCallbackBlock:] (in IDEFoundation)
  4   -[IDEScheme(TestSchemeAction) executionOperationForTestSchemeActionWithOperationParameters:command:buildOperationVariantSpecifiers:buildOperationGroup:schemeActionResult:buildParameters:shouldOnlyBuild:runDestination:orderedOperations:schemeActionRecord:deviceAvailableChecker:actionCallbackBlock:error:] (in IDEFoundation)
  5   -[IDEScheme _executionOperationForSchemeOperationParameters:build:onlyBuild:buildParameters:title:buildLog:dontActuallyRunCommands:restorePersistedBuildResults:deviceAvailableChecker:error:actionCallbackBlock:] (in IDEFoundation)
  6   -[IDEScheme(TestSchemeAction) schemeTestActionOperationForSchemeOperationParameters:onlyBuild:buildLog:deviceAvailableChecker:buildParameters:shouldBuild:restorePersistedBuildResults:error:completionBlock:] (in IDEFoundation)
  7   -[IDEScheme buildAndActionTaskForSchemeOperationParameters:shouldBuild:onlyBuild:buildParameters:buildLog:deviceAvailableChecker:restorePersistedBuildResults:dontActuallyRunCommands:error:completionBlock:] (in IDEFoundation)
  8   -[IDEScheme schemeOperationForSchemeOperationParameters:buildLog:overridingProperties:overridingBuildConfiguration:dontActuallyRunCommands:restorePersistedBuildResults:deviceAvailableChecker:error:completionBlock:] (in IDEFoundation)
  9   -[IDEScheme schemeOperationForSchemeOperationParameters:buildLog:overridingProperties:overridingBuildConfiguration:dontActuallyRunCommands:restorePersistedBuildResults:error:completionBlock:] (in IDEFoundation)
 10   -[Xcode3CommandLineBuildTool(TestSchemeAction) buildForTestSchemeCommandWantsSkip:buildAction:isProjectBuild:title:buildLog:isMoreDestinationsPending:runDestinations:runDestination:schemeCommand:executionEnvironment:restorePersistedBuildResults:operationToEnqueue:error:] (in Xcode3Core)
 11   -[Xcode3CommandLineBuildTool doSchemeBuildWithRunDestinations:runDestinationIdx:wantsSkip:buildActionTimingSection:timingSection:buildAction:isMoreDesinationsPending:actionResultBlock:title:buildLog:executionEnvironment:restorePersistedBuildResults:operationToEnqueue:error:] (in Xcode3Core)
 12   -[Xcode3CommandLineBuildTool doBuildForBuildAction:timingSection:colorize:colorizeFailure:error:] (in Xcode3Core)
 13   -[Xcode3CommandLineBuildTool _buildWithTimingSection:] (in Xcode3Core)
 14   -[Xcode3CommandLineBuildTool run] (in Xcode3Core)
 15   XcodeBuildMain (in libxcodebuildLoader.dylib)
 16   -[XcodebuildPreIDEHandler loadXcode3ProjectSupportAndRunXcode3CommandLineBuildToolWithArguments:] (in xcodebuild)
 17   -[XcodebuildPreIDEHandler runWithArguments:] (in xcodebuild)
 18   main (in xcodebuild)
 19   start (in dyld)

<_IDETestingFinalizeLogsOperation: 0x7f8d918b9a10; name = 'Finalize test log', state = aref!c> created at:
  0   -[DVTOperation init] (in DVTFoundation)
  1   +[DVTOperation(DVTConveniences) operationWithBlock:] (in DVTFoundation)
  2   -[IDETestSchemeAction _finalizeLogOperationWithRecorder:launchLogsSectionRecorder:] (in IDEFoundation)
  3   -[IDETestSchemeAction testOperationWithSchemeOperationParameters:testManager:buildOperation:buildParameters:schemeCommand:actionRecord:testPlanRunSpecifications:deviceAvailableChecker:outError:actionCallbackBlock:] (in IDEFoundation)
  4   -[IDEScheme(TestSchemeAction) executionOperationForTestSchemeActionWithOperationParameters:command:buildOperationVariantSpecifiers:buildOperationGroup:schemeActionResult:buildParameters:shouldOnlyBuild:runDestination:orderedOperations:schemeActionRecord:deviceAvailableChecker:actionCallbackBlock:error:] (in IDEFoundation)
  5   -[IDEScheme _executionOperationForSchemeOperationParameters:build:onlyBuild:buildParameters:title:buildLog:dontActuallyRunCommands:restorePersistedBuildResults:deviceAvailableChecker:error:actionCallbackBlock:] (in IDEFoundation)
  6   -[IDEScheme(TestSchemeAction) schemeTestActionOperationForSchemeOperationParameters:onlyBuild:buildLog:deviceAvailableChecker:buildParameters:shouldBuild:restorePersistedBuildResults:error:completionBlock:] (in IDEFoundation)
  7   -[IDEScheme buildAndActionTaskForSchemeOperationParameters:shouldBuild:onlyBuild:buildParameters:buildLog:deviceAvailableChecker:restorePersistedBuildResults:dontActuallyRunCommands:error:completionBlock:] (in IDEFoundation)
  8   -[IDEScheme schemeOperationForSchemeOperationParameters:buildLog:overridingProperties:overridingBuildConfiguration:dontActuallyRunCommands:restorePersistedBuildResults:deviceAvailableChecker:error:completionBlock:] (in IDEFoundation)
  9   -[IDESch

*** If you believe this error represents a bug, please attach the result bundle at /Users/sinjunho/Desktop/Taste Buddy/output/graph-style-reuse/track-question-3.xcresult

2026-09-13 20:01:37.363 xcodebuild[9945:4447735] [MT] IDETestOperationsObserverDebug: 238.993 elapsed -- Testing started completed.
2026-09-13 20:01:37.363 xcodebuild[9945:4447735] [MT] IDETestOperationsObserverDebug: 0.000 sec, +0.000 sec -- start
2026-09-13 20:01:37.363 xcodebuild[9945:4447735] [MT] IDETestOperationsObserverDebug: 238.993 sec, +238.993 sec -- end

Test session results, code coverage, and logs:
	/Users/sinjunho/Desktop/Taste Buddy/output/graph-style-reuse/track-question-3.xcresult

** TEST EXECUTE INTERRUPTED **

2026-09-13 20:02:08.036 xcodebuild[9945:4447735] [MT] IDEResultKit: Warning: While writing a result bundle to /Users/sinjunho/Desktop/Taste Buddy/output/graph-style-reuse/track-question-3.xcresult, not all contents have been imported, as the Staging directory still contains the following files/directories: ["1_Test"]
Error saving invocation record to resultBundlePath:Error Domain=IDEFoundationErrorDomain Code=12 "The result bundle could not be saved due to an error: Could not write the 1_Test action log because the log hasn't finished recording after waiting 30 seconds." UserInfo={NSUnderlyingError=0x7f8d8fe81180 {Error Domain=IDEFoundationErrorDomain Code=10 "Could not write the 1_Test action log because the log hasn't finished recording after waiting 30 seconds." UserInfo={NSLocalizedDescription=Could not write the 1_Test action log because the log hasn't finished recording after waiting 30 seconds.}}, NSLocalizedDescription=The result bundle could not be saved due to an error: Could not write the 1_Test action log because the log hasn't finished recording after waiting 30 seconds.}
eme schemeOperationForSchemeOperationParameters:buildLog:overridingProperties:overridingBuildConfiguration:dontActuallyRunCommands:restorePersistedBuildResults:error:completionBlock:] (in IDEFoundation)
 10   -[Xcode3CommandLineBuildTool(TestSchemeAction) buildForTestSchemeCommandWantsSkip:buildAction:isProjectBuild:title:buildLog:isMoreDestinationsPending:runDestinations:runDestination:schemeCommand:executionEnvironment:restorePersistedBuildResults:operationToEnqueue:error:] (in Xcode3Core)
 11   -[Xcode3CommandLineBuildTool doSchemeBuildWithRunDestinations:runDestinationIdx:wantsSkip:buildActionTimingSection:timingSection:buildAction:isMoreDesinationsPending:actionResultBlock:title:buildLog:executionEnvironment:restorePersistedBuildResults:operationToEnqueue:error:] (in Xcode3Core)
 12   -[Xcode3CommandLineBuildTool doBuildForBuildAction:timingSection:colorize:colorizeFailure:error:] (in Xcode3Core)
 13   -[Xcode3CommandLineBuildTool _buildWithTimingSection:] (in Xcode3Core)
 14   -[Xcode3CommandLineBuildTool run] (in Xcode3Core)
 15   XcodeBuildMain (in libxcodebuildLoader.dylib)
 16   -[XcodebuildPreIDEHandler loadXcode3ProjectSupportAndRunXcode3CommandLineBuildToolWithArguments:] (in xcodebuild)
 17   -[XcodebuildPreIDEHandler runWithArguments:] (in xcodebuild)
 18   main (in xcodebuild)
 19   start (in dyld)

<IDERunOperation: 0x7f8d795ae810; state = aReF!c> created at:
  0   -[DVTOperation init] (in DVTFoundation)
  1   -[IDERunOperation initWithWorker:] (in IDEFoundation)
  2   -[IDERunDestination runOperationForLaunchSession:error:] (in IDEFoundation)
  3   -[IDETargetAppLaunchCoordinator launchProcessWithParameters:token:completion:] (in IDEFoundation)
  4   -[IDETargetAppLaunchCoordinator launchProcessWithParameters:completion:] (in IDEFoundation)
  5   -[XCTHTestOperationCoordinator testRunnerSession:launchProcessWithParameters:completion:] (in XCTHarness)
  6   __91-[XCTTestRunnerSession _XCT_launchProcessWithPath:bundleID:arguments:environmentVariables:]_block_invoke (in XCTDaemonControl)
  7   _dispatch_call_block_and_release (in libdispatch.dylib)
  8   _dispatch_client_callout (in libdispatch.dylib)
  9   _dispatch_main_queue_drain.cold.6 (in libdispatch.dylib)
 10   _dispatch_main_queue_drain (in libdispatch.dylib)
 11   _dispatch_main_queue_callback_4CF (in libdispatch.dylib)
 12   __CFRUNLOOP_IS_SERVICING_THE_MAIN_DISPATCH_QUEUE__ (in CoreFoundation)
 13   __CFRunLoopRun (in CoreFoundation)
 14   _CFRunLoopRunSpecificWithOptions (in CoreFoundation)
 15   CFRunLoopRun (in CoreFoundation)
 16   -[Xcode3CommandLineBuildTool waitForBuildWithBuildLog:buildActionTimingSection:executionEnvironment:title:operationToEnqueue:error:] (in Xcode3Core)
 17   -[Xcode3CommandLineBuildTool doBuildForBuildAction:timingSection:colorize:colorizeFailure:error:] (in Xcode3Core)
 18   -[Xcode3CommandLineBuildTool _buildWithTimingSection:] (in Xcode3Core)
 19   -[Xcode3CommandLineBuildTool run] (in Xcode3Core)
 20   XcodeBuildMain (in libxcodebuildLoader.dylib)
 21   -[XcodebuildPreIDEHandler loadXcode3ProjectSupportAndRunXcode3CommandLineBuildToolWithArguments:] (in xcodebuild)
 22   -[XcodebuildPreIDEHandler runWithArguments:] (in xcodebuild)
 23   main (in xcodebuild)
 24   start (in dyld)

