Exported 4 attachments for: HomeTasteQuestionUITests/test01QuestionScopeAnswerUndoAndChartCategoryOriginal():
File: A22A6260-2A84-4DF3-82CF-BA6D4CD725F5.png, suggested name: "home-question-04-current-original_0_CF712768-059B-4553-8148-7AA7268533AB.png"
File: EB3D3AA1-8A11-4EFB-B2FC-F0F983549528.png, suggested name: "home-question-03-category_0_19ACACFB-484E-45AB-9C86-B6477BBB5E5D.png"
File: 3D7E4A97-F1AA-434B-B461-433BB9C10E3A.png, suggested name: "home-question-02-four-charts_0_E8A98146-045F-4A37-BC30-1891EA11D6A1.png"
File: CCA3F9DB-58D2-4B36-80F1-67845B64211A.png, suggested name: "home-question-01-scope_0_5AA910C4-38CE-4F5A-A9F3-A45A446C203F.png"

Exported 43 attachments for: HomeTasteQuestionUITests/test02LargeTypeQuestionAndMetricActionsRemainReachable():
File: C2FA7FEF-3861-4368-935B-50120259E00D, suggested name: "UI Snapshot 2026-09-13 at 20.00.25"
File: A3426C4B-904B-4A28-86FA-ADA4E081DAD2, suggested name: "Synthesized Event 2026-09-13 at 20.00.25"
File: CF30D5D1-4514-4B22-8674-52EFE1FAE4CF, suggested name: "UI Snapshot 2026-09-13 at 20.00.20"
File: 34E8C421-ADB0-4DF7-AD15-C50B4220942D, suggested name: "Synthesized Event 2026-09-13 at 20.00.20"
File: 1E6DD77D-62C5-4FBB-95D9-433F8CD4BD09, suggested name: "UI Snapshot 2026-09-13 at 20.00.15"
File: D2984957-0B9B-492C-BA48-6B51C6B6DD4C, suggested name: "Synthesized Event 2026-09-13 at 20.00.16"
File: 42CB69FA-D191-4BA4-BADC-20701CAC6267, suggested name: "UI Snapshot 2026-09-13 at 20.00.10"
File: 8EF05DF8-0CE3-4F43-B38B-8F2ACB991B60, suggested name: "Synthesized Event 2026-09-13 at 20.00.11"
File: 6AEEE40A-F693-456E-99C2-D21D9C03C561, suggested name: "UI Snapshot 2026-09-13 at 20.00.06"
File: 472BBAB2-243A-40FB-AF56-C72C8523592A, suggested name: "Synthesized Event 2026-09-13 at 20.00.06"
File: 8E077862-1647-4752-8283-3190628F840D, suggested name: "UI Snapshot 2026-09-13 at 20.00.01"
File: DD1125D5-0F0E-4A50-9B8C-B8F8840428BD, suggested name: "Synthesized Event 2026-09-13 at 20.00.02"
File: 1F9338BA-B286-494C-874B-1B9AF782F2E4, suggested name: "UI Snapshot 2026-09-13 at 19.59.57"
File: 70ACE705-4A72-465E-8273-BDF99E8E5D5F, suggested name: "Synthesized Event 2026-09-13 at 19.59.57"
File: 9FAB1CB2-7489-479B-8BA0-CA1DBB99AF1E, suggested name: "UI Snapshot 2026-09-13 at 19.59.52"
File: AC34E972-0E7C-4F40-909F-643D041E4697, suggested name: "Synthesized Event 2026-09-13 at 19.59.53"
File: CDF35C5E-879A-48E1-ADDE-371F865D1342, suggested name: "UI Snapshot 2026-09-13 at 19.59.48"
File: 5833D325-FCCD-43A9-BC16-B5546CE85338, suggested name: "Synthesized Event 2026-09-13 at 19.59.48"
File: C36AD433-3943-412F-8FFF-C0DC475410FF, suggested name: "UI Snapshot 2026-09-13 at 19.59.43"
File: 7848867F-888F-4A0C-993E-7E46C637F118, suggested name: "Synthesized Event 2026-09-13 at 19.59.43"
File: D25E5CBF-9A7A-4A28-B862-382EF8A5EFFB, suggested name: "UI Snapshot 2026-09-13 at 19.59.38"
File: E22735B4-4E25-455B-979E-6C9F83D68B47, suggested name: "Synthesized Event 2026-09-13 at 19.59.38"
File: B99BB246-A53F-4806-9F05-383172E08060, suggested name: "UI Snapshot 2026-09-13 at 19.59.33"
File: CF445F03-8637-44A7-AE26-3D4C1AB027B3, suggested name: "Synthesized Event 2026-09-13 at 19.59.34"
File: 131A5732-1C9D-4BE0-A9EE-043879D70D7C, suggested name: "UI Snapshot 2026-09-13 at 19.59.29"
File: DAC64C46-B762-4CFF-B1C5-33BFA588F0F2, suggested name: "Synthesized Event 2026-09-13 at 19.59.29"
File: B1F95DA2-C3A4-4743-B300-4E3BC957782F, suggested name: "UI Snapshot 2026-09-13 at 19.59.24"
File: 3F168B7A-E6A5-40BA-8E3C-9DE4E7368785, suggested name: "Synthesized Event 2026-09-13 at 19.59.24"
File: 6582F1ED-FE20-4979-ABFD-00A3F161B129, suggested name: "UI Snapshot 2026-09-13 at 19.59.19"
File: 5C61AC25-FD05-49A3-A434-2A2C42868693, suggested name: "Synthesized Event 2026-09-13 at 19.59.20"
File: 201F19CE-2CB5-4557-8336-87C682DEF675, suggested name: "UI Snapshot 2026-09-13 at 19.59.15"
File: 2B9A098F-9766-4F9B-BF47-C780C3064D9A, suggested name: "Synthesized Event 2026-09-13 at 19.59.15"
File: 36F8FE15-D7AC-4BD6-B8A1-2044AF7E6823, suggested name: "UI Snapshot 2026-09-13 at 19.59.10"
File: 4789A422-F136-47E2-9FE0-4AFADD314BA7, suggested name: "Synthesized Event 2026-09-13 at 19.59.11"
File: 1D06ADAD-68BE-4329-AF90-EF95BF00A6B7, suggested name: "UI Snapshot 2026-09-13 at 19.59.06"
File: 0E1BB6AA-6B3F-4551-9F3F-D1421FFF26F8, suggested name: "Synthesized Event 2026-09-13 at 19.59.06"
File: 331E9E77-A621-4D9E-BEC1-69FD9F01CBE6, suggested name: "UI Snapshot 2026-09-13 at 19.59.01"
File: 8AAAA2E1-A3C6-4C06-866E-D32CBC2A95E9, suggested name: "Synthesized Event 2026-09-13 at 19.59.02"
File: 0BC11A62-62E4-45AA-BD96-09CBCACE0069, suggested name: "UI Snapshot 2026-09-13 at 19.58.57"
File: AA550A47-8493-43CC-A5B0-5DB942AEA2B3, suggested name: "Synthesized Event 2026-09-13 at 19.58.57"
File: A85425D5-3D22-43AC-97FE-D7B6FF62FD2B, suggested name: "UI Snapshot 2026-09-13 at 19.58.54"
File: 3D1AA05F-1F69-4E5B-81E5-2C66CB338A81, suggested name: "Synthesized Event 2026-09-13 at 19.58.54"
File: AA39D8E5-B3DE-4AAC-83AC-B69E7D2B94F3, suggested name: "Screen Recording 2026-09-13 at 19.58.39"

Generated manifest file with attachment details: /Users/sinjunho/Desktop/Taste Buddy/output/graph-style-reuse/track-question-3-attachments/manifest.json
