Exported 9 attachments for: HomeTasteQuestionUITests/test01QuestionScopeAnswerUndoAndChartCategoryOriginal():
File: D1FA48FF-E851-4ACF-986A-CD9A0E61199B.txt, suggested name: "App UI hierarchy for com.juneh96.tastebuddy_0_545E31EC-C720-4318-9678-4C3BFB2793B6.ios"
File: 1E72399B-E192-4D02-9137-99F138EDD35D, suggested name: "UI Snapshot 2026-09-13 at 19.51.16"
File: 7F7EFBD5-6192-47A8-A1A1-47FBAB0D7695, suggested name: "UI Snapshot 2026-09-13 at 19.51.04"
File: 39EAE519-E8F8-48F3-A6FC-9C5887D681B0, suggested name: "Synthesized Event 2026-09-13 at 19.51.05"
File: 7A8C3722-776A-4D9F-AE65-3F79F03B0A37.png, suggested name: "home-question-01-scope_0_B4040A87-EC8D-41BF-8B50-67688421AE4F.png"
File: 8585CD90-E253-409F-ACF8-DDC754F084D8, suggested name: "Synthesized Event 2026-09-13 at 19.50.57"
File: 6E3DD470-CD99-414D-BB9C-86B3E0FEB752.mp4, suggested name: "Screen Recording 2026-09-13 at 19.50.40.mp4"
File: 372EDB69-61D1-496D-AB02-FBE7D5E15D83.txt, suggested name: "App UI hierarchy for com.juneh96.tastebuddy_0_437C9302-AB34-4820-B19E-0930FC6C84CE.ios"
File: 2B19AA4E-816B-40ED-8FD3-29E95101C95D, suggested name: "UI Snapshot 2026-09-13 at 19.51.17"

Exported 37 attachments for: HomeTasteQuestionUITests/test02LargeTypeQuestionAndMetricActionsRemainReachable():
File: 04C46C3F-1FCB-4814-8C95-435143DDAB95.txt, suggested name: "App UI hierarchy for com.juneh96.tastebuddy_0_F815DE46-0A1C-489D-A6F3-39A5B19104E0.ios"
File: 0CFA1062-125C-41FC-9084-06987FBEA4EE, suggested name: "UI Snapshot 2026-09-13 at 19.52.38"
File: 053FDEF4-E5FE-4F86-8FF9-044638E3066C.txt, suggested name: "Debug description for `StaticText (First Match)`_0_362C32B7-F262-463B-A821-F9D7432A8BA2.txt"
File: 33744EFD-AEE7-415B-8D47-6F7AF235B161.txt, suggested name: "Debug description for `StaticText (First Match)`_0_89DBAFB3-86B1-4B89-9F4F-5EF6164AEEE2.txt"
File: DC4C6C2B-26CC-4428-9129-5B7A66C12F54.txt, suggested name: "Debug description for `StaticText (First Match)`_0_BAC579A0-6039-48A6-B300-7D7ADACEA601.txt"
File: ADB00B94-E006-4B63-8341-211420E4C225.txt, suggested name: "Debug description for `StaticText (First Match)`_0_919B2DA7-5D4F-4B9E-986C-D060A198A3EA.txt"
File: 02650019-76FE-422B-88AE-5122B343F7DB.txt, suggested name: "Debug description for `StaticText (First Match)`_0_360D8281-10F0-48CE-9BD4-A2D35CB2C606.txt"
File: 01CFF54B-2C9F-4E31-AFF1-4CC4429D6CF8.txt, suggested name: "Debug description for `StaticText (First Match)`_0_9477C164-6FBD-48F7-932F-8A82BB2FBF6A.txt"
File: 49D60B42-99A8-4637-9288-6ECE4DD20498.txt, suggested name: "Debug description for `StaticText (First Match)`_0_0A9B326A-7524-48B2-88E8-7A7969CD0FA4.txt"
File: 11C28787-744E-4FE9-8F4E-15798D190A5E.txt, suggested name: "Debug description for `StaticText (First Match)`_0_AED5BF36-0B17-4F5D-9417-0C82F0D4A1B2.txt"
File: 7AED568B-7FB1-4D46-BBF7-520011C12251.txt, suggested name: "Debug description for `StaticText (First Match)`_0_AADF2027-FCFF-4382-AED7-C6F76C36F752.txt"
File: 55D9060F-49FA-4C82-A5F6-2D26C95B557B.txt, suggested name: "Debug description for `StaticText (First Match)`_0_0A980339-4844-4731-9F2F-38BA3AD770EF.txt"
File: FC63CAC3-8D0C-401F-A45C-75A010C2F83E.txt, suggested name: "Debug description for `StaticText (First Match)`_0_9EBF37C5-9C88-4827-B8B4-EF2F1D518128.txt"
File: CF6C1FC2-4E93-4582-8437-A27ABC36CD9A.txt, suggested name: "Debug description for `StaticText (First Match)`_0_1D63675A-988E-44AF-B0D6-5B6F0EB0CCB5.txt"
File: 26CBA490-E8EA-4248-B517-E4E0D68C44B4.txt, suggested name: "Debug description for `StaticText (First Match)`_0_AE27E4E5-A22F-4483-95D3-2FB6D0EB19F2.txt"
File: F6562FAF-9F92-40FF-ADCA-B3B01F944BAB.txt, suggested name: "Debug description for `StaticText (First Match)`_0_1F912E72-4970-4346-80A7-C17181D288E4.txt"
File: A41939DE-2883-463A-B816-DA57EE754603.txt, suggested name: "Debug description for `StaticText (First Match)`_0_B20FD3B8-8381-42F9-877C-F3AC2337CFE1.txt"
File: 84577880-DCE1-4FC2-A6F5-D6817C1C6E96.txt, suggested name: "Debug description for `StaticText (First Match)`_0_60A38B2D-FE4B-4823-805C-ADD5D13C1ED2.txt"
File: 970F922C-09F5-413E-A843-7B3C259257C3.txt, suggested name: "Debug description for `StaticText (First Match)`_0_43B7B33F-E066-4FD4-B19C-0D96C3591250.txt"
File: 5607AC4F-0DFC-478A-852F-9B30722AFEE0.txt, suggested name: "Debug description for `StaticText (First Match)`_0_00101598-A688-44B0-88BA-F371666370FE.txt"
File: C290DB69-5305-4B63-8329-8A45D8AD6B01.txt, suggested name: "Debug description for `StaticText (First Match)`_0_70656F33-A04F-45B7-BD12-B0290A97CEC3.txt"
File: C3C2CB10-458E-4ADC-9FFE-4D0C5BF4D68C.txt, suggested name: "Debug description for `StaticText (First Match)`_0_A0C65B87-E9AD-46EA-BD00-93875D93BA23.txt"
File: 7C3EEDBD-E7EC-4C5F-843A-0E4AAB06F916.txt, suggested name: "Debug description for `StaticText (First Match)`_0_E3C8B578-2D5A-4259-B00A-B70269158527.txt"
File: 8B409096-C15D-4E60-8B23-E8C9FAC640CF.txt, suggested name: "Debug description for `StaticText (First Match)`_0_D0F5C460-7963-4044-9DBC-655F0328647F.txt"
File: C40E7368-8215-414A-BAFB-3B7DBC1D270C.txt, suggested name: "Debug description for `StaticText (First Match)`_0_D189A409-60AE-43AE-A35F-CE5CC8BF0ADF.txt"
File: 41F28835-A867-4A6B-8662-E022EEB94EEB.txt, suggested name: "Debug description for `StaticText (First Match)`_0_1DBDDC7D-D724-4E2A-AC93-C7916B320986.txt"
File: E4C11A2A-ECA1-4AA6-A191-EF77A4380B33.txt, suggested name: "Debug description for `StaticText (First Match)`_0_12DF3876-6C73-4899-8828-29539B6B8C05.txt"
File: 643B14A3-F7FE-488A-A81C-7FC81C6824CE.txt, suggested name: "Debug description for `StaticText (First Match)`_0_1FD4F8E1-173A-4096-A52C-784C4BC493FB.txt"
File: 2EDF192B-26CC-4FC6-B8B6-7DCB26A73D00.txt, suggested name: "Debug description for `StaticText (First Match)`_0_43274E5E-AA52-4886-A7D4-A8148895D767.txt"
File: B3C7E086-2A8A-4CD4-802D-7966D132A76C.txt, suggested name: "Debug description for `StaticText (First Match)`_0_60E809E1-6937-4280-A66A-042CBC738E43.txt"
File: F0B90EB4-7BFC-4DB0-ADA5-84201437C8A4.txt, suggested name: "Debug description for `StaticText (First Match)`_0_F4AB6E92-C5AC-4F7B-A033-142D8D354588.txt"
File: A246D6E5-C3EB-4DDE-8E99-F33F2F8F15BA.txt, suggested name: "Debug description for `StaticText (First Match)`_0_F1B0B0A1-825E-4075-A426-E2198C85E951.txt"
File: 80437DE9-9715-43C2-9B90-85811BBD7D86, suggested name: "UI Snapshot 2026-09-13 at 19.52.06"
File: 23A26E04-5431-4958-8B7B-D9312012376F, suggested name: "Synthesized Event 2026-09-13 at 19.52.06"
File: E4AD959B-406B-4763-829F-F8E02C37E901.png, suggested name: "home-question-large-01-actions_0_94B3FF0A-7E83-44C4-8740-44F8D8BE9ECA.png"
File: EF1C8A2E-9657-4C44-843E-EC61E441C3A3, suggested name: "Synthesized Event 2026-09-13 at 19.52.03"
File: B098E8A2-0C0D-484B-A4AF-DB2EE674EE6A.mp4, suggested name: "Screen Recording 2026-09-13 at 19.51.32.mp4"

Exported 2 attachments for: HomeTasteQuestionUITests/test04QuestionSeeAllOpensExistingListInsteadOfReplacingHomeBatch():
File: 34EE029E-0CFE-49B8-8214-E11A8DD26F32.png, suggested name: "home-question-all-list_0_28F0B3B9-2801-4A3C-BC42-220A91917396.png"
File: 19B36605-FE8F-45C7-A5AB-1661C7549AB8.png, suggested name: "home-question-see-all_0_8E4B68FF-D48B-42BC-99EC-7C6D7B27FA46.png"

Generated manifest file with attachment details: /Users/sinjunho/Desktop/Taste Buddy/output/graph-style-reuse/track-question-2-attachments/manifest.json
