Exported 3 attachments for: HomeTasteQuestionUITests/testAnalysisRadarMissingAxesAndMatrixOriginal():
File: 73DC140D-32C4-4E16-A946-2DB6DDC42FC2.png, suggested name: "analysis-question-03-matrix-original_0_571281EE-3C7E-4F5F-A03D-B8CF73A57C1B.png"
File: 53B06187-0776-465C-8378-F5AFC068D8F6.png, suggested name: "analysis-question-02-matrix_0_F055C4D0-A2F9-4F32-9458-79D88B23FEC8.png"
File: C4DA1399-B2BE-4F30-BBBB-AD8ABBF192A5.png, suggested name: "analysis-question-01-radar_0_56EA02B6-3D52-4DEB-8537-17B862AEE7A3.png"

Exported 5 attachments for: HomeTasteQuestionUITests/testLargeTypeQuestionAndMetricActionsRemainReachable():
File: 223B8C3B-D980-4D23-AB5D-030B9D4DB89E.png, suggested name: "home-question-large-01-actions_0_C17B8F6E-020C-4272-8773-BA3BD4D05528.png"
File: B5F9D948-D763-4954-B327-DA64A539D429, suggested name: "UI Snapshot 2026-09-13 at 18.19.37"
File: C51F7153-9613-41EF-B9ED-D8738E0F88AE, suggested name: "Synthesized Event 2026-09-13 at 18.19.38"
File: 91DEB1E9-B6DF-4AD5-B879-36A242EE78F2, suggested name: "Synthesized Event 2026-09-13 at 18.19.33"
File: B0D8D71E-9D48-4EDE-8E34-510812D903D1.mp4, suggested name: "Screen Recording 2026-09-13 at 18.19.12.mp4"

Exported 51 attachments for: HomeTasteQuestionUITests/testQuestionScopeAnswerUndoAndChartCategoryOriginal():
File: 6F4DF08F-BF96-44E2-8DB0-047F6CB8409C, suggested name: "UI Snapshot 2026-09-13 at 18.22.31"
File: 47DE6D67-59C3-4915-AB90-51AD8194E658, suggested name: "Synthesized Event 2026-09-13 at 18.22.31"
File: 6130DA26-6BC6-4B2F-8161-08E4E2F06A8E, suggested name: "UI Snapshot 2026-09-13 at 18.22.25"
File: 6966723B-22C9-43EB-A15A-141BCBC0F99D, suggested name: "Synthesized Event 2026-09-13 at 18.22.26"
File: DEE29B40-391C-400A-A1A8-30F656636FDC, suggested name: "UI Snapshot 2026-09-13 at 18.22.19"
File: 960BE85E-821F-4B8A-A0B0-00DC3093CBA3, suggested name: "Synthesized Event 2026-09-13 at 18.22.20"
File: 77FF1208-0ACC-4913-BC3E-A31E68062C71, suggested name: "UI Snapshot 2026-09-13 at 18.22.14"
File: 10A8ACF1-F7AD-4359-9B69-81EB52FC8FB5, suggested name: "Synthesized Event 2026-09-13 at 18.22.14"
File: A842EA1C-FA3A-4236-A5FE-35518FEBF05D, suggested name: "UI Snapshot 2026-09-13 at 18.22.08"
File: 8FC5C696-E0C0-46EF-8DB2-F1785A4504C0, suggested name: "Synthesized Event 2026-09-13 at 18.22.09"
File: 53DD6987-A670-4FD0-95E3-38FB0E32C3BC, suggested name: "UI Snapshot 2026-09-13 at 18.22.03"
File: EFD67169-6EF6-4219-92D1-19655F9F5A7B, suggested name: "Synthesized Event 2026-09-13 at 18.22.03"
File: A0344780-85B9-446D-AC0D-637320BED6E0, suggested name: "UI Snapshot 2026-09-13 at 18.21.56"
File: A4BEE10A-8C2C-4D06-92DE-756FFF80EC1E, suggested name: "Synthesized Event 2026-09-13 at 18.21.56"
File: A729EA53-D3F1-42CB-ADC7-41D06EA82414, suggested name: "UI Snapshot 2026-09-13 at 18.21.50"
File: 2AA676B7-E6AF-43A7-AEBB-36D40B6270EF, suggested name: "Synthesized Event 2026-09-13 at 18.21.51"
File: A40C8079-B41B-4352-B3A8-46A7A133B51D, suggested name: "UI Snapshot 2026-09-13 at 18.21.44"
File: 16887C66-DC25-489B-B9ED-C798DAE8279B, suggested name: "Synthesized Event 2026-09-13 at 18.21.45"
File: A51F63BB-FD37-4AE6-A0D6-D4AFD58E1EE1, suggested name: "UI Snapshot 2026-09-13 at 18.21.38"
File: DD35E6D1-C9A0-4A36-83C4-CD3F2BB6FECE, suggested name: "Synthesized Event 2026-09-13 at 18.21.39"
File: 2947C7CA-B293-4E3D-A4F4-EF9596D9A72A, suggested name: "UI Snapshot 2026-09-13 at 18.21.33"
File: DB6D6D80-515E-4B34-B631-A36EA540DE09, suggested name: "Synthesized Event 2026-09-13 at 18.21.33"
File: CBC8322F-55D1-4F1F-827F-A5125F658986, suggested name: "UI Snapshot 2026-09-13 at 18.21.26"
File: 30A2E6B1-2E58-4056-ABF2-EF25F2988FE0, suggested name: "Synthesized Event 2026-09-13 at 18.21.27"
File: D31E78A3-B3E5-47A8-9554-3C962436244E, suggested name: "UI Snapshot 2026-09-13 at 18.21.21"
File: 11B42223-4B5D-4DC1-90E8-8AD03C01E158, suggested name: "Synthesized Event 2026-09-13 at 18.21.21"
File: 8AAA31B7-6381-4714-BF4B-1D4CD029C290, suggested name: "UI Snapshot 2026-09-13 at 18.21.15"
File: 766C1A13-1B14-4A48-A5C6-42970145089F, suggested name: "Synthesized Event 2026-09-13 at 18.21.16"
File: 89C16D60-0AA8-4C99-A437-B19B87EEB18F, suggested name: "UI Snapshot 2026-09-13 at 18.21.10"
File: D6CB1166-390F-45A5-9556-7EA311189E94, suggested name: "Synthesized Event 2026-09-13 at 18.21.11"
File: 7A0D3774-A440-4CCB-85F1-C0AF34275C07, suggested name: "UI Snapshot 2026-09-13 at 18.21.05"
File: 299495C0-1117-4A76-8514-B5D161D4A43E, suggested name: "Synthesized Event 2026-09-13 at 18.21.05"
File: D60B0FA6-8959-4272-A8DC-84BA1BD97A9B, suggested name: "UI Snapshot 2026-09-13 at 18.20.59"
File: 9EAB0212-002B-4930-90DF-571A37591A6F, suggested name: "Synthesized Event 2026-09-13 at 18.21.00"
File: D11C5BF4-E862-41E3-81EC-56D7B43B0BE3, suggested name: "UI Snapshot 2026-09-13 at 18.20.54"
File: 6BAEB406-D99C-4FDF-93A0-52AFAE346126, suggested name: "Synthesized Event 2026-09-13 at 18.20.54"
File: C0754EFD-3556-4FE8-B724-3ADDEF99AF99, suggested name: "UI Snapshot 2026-09-13 at 18.20.48"
File: BB6D1B6C-3225-427A-B8E5-C7F6FC3F6C2B, suggested name: "Synthesized Event 2026-09-13 at 18.20.49"
File: CDE85802-D7F1-46E7-AD9E-77F26568476C, suggested name: "UI Snapshot 2026-09-13 at 18.20.42"
File: A1DFF2BB-662A-49A6-9C03-376677036842, suggested name: "Synthesized Event 2026-09-13 at 18.20.43"
File: FCD40F48-7D44-4F74-A47B-05C4A5D36017, suggested name: "UI Snapshot 2026-09-13 at 18.20.37"
File: 2D5BEAFC-E56F-4B91-99F0-C3018D200869, suggested name: "Synthesized Event 2026-09-13 at 18.20.37"
File: E7CA1606-828D-4D61-9345-C4F76FCC18FD, suggested name: "UI Snapshot 2026-09-13 at 18.20.31"
File: C44DEA0E-C1F1-4C5E-84A6-8CC2616F368C, suggested name: "Synthesized Event 2026-09-13 at 18.20.32"
File: DFE52F4C-EBC7-470F-9AB4-03C5C01C0F91, suggested name: "UI Snapshot 2026-09-13 at 18.20.26"
File: A29364C1-38D8-4E50-AA90-D1F4CCDAFA31, suggested name: "Synthesized Event 2026-09-13 at 18.20.26"
File: 27F93C90-834E-4449-BFF3-3F4AD27D92B3, suggested name: "UI Snapshot 2026-09-13 at 18.20.19"
File: 2719FB8F-6407-4C89-92A6-691202E06D3A, suggested name: "Synthesized Event 2026-09-13 at 18.20.20"
File: 441A6F5E-7C3B-4F61-AB30-6E55F6C3CECF, suggested name: "Synthesized Event 2026-09-13 at 18.20.14"
File: 51280AB7-8EAD-40CB-94E4-829438E7CE0D.mp4, suggested name: "Screen Recording 2026-09-13 at 18.19.54.mp4"
File: C83C5C1B-4AC9-4B6F-B0CD-5A0FB3CD77EA.txt, suggested name: "Complete Issue Description.txt"

Generated manifest file with attachment details: /Users/sinjunho/Desktop/Taste Buddy/output/home-taste-questions/ui-1-attachments/manifest.json
