Command line invocation:
    /Applications/Xcode.app/Contents/Developer/usr/bin/xcodebuild test-without-building -project ios/TasteBuddy.xcodeproj -scheme TasteBuddyMemoryQA -destination "platform=iOS Simulator,id=54C3F98C-6BD5-47E0-98E5-DC9C1FCC40C4" -derivedDataPath /tmp/TasteBuddyHomeQuestionsQA -resultBundlePath output/question-inline-fix/ui-1.xcresult -jobs 4 -parallel-testing-enabled NO CODE_SIGNING_ALLOWED=NO "-only-testing:TasteBuddyMemoryUITests/HomeTasteQuestionUITests/test05LegacyQuestionHasInlineChoicesAndAllListExcludesEditingOnlyItems" "-only-testing:TasteBuddyMemoryUITests/HomeTasteQuestionUITests/test06AnalysisLegacyQuestionHasInlineChoices"

Build settings from command line:
    CODE_SIGNING_ALLOWED = NO

Resolve Package Graph


Resolved source packages:
  swift-crypto: https://github.com/apple/swift-crypto.git @ 4.5.0
  swift-clocks: https://github.com/pointfreeco/swift-clocks @ 1.0.6
  VariableBlur: https://github.com/nikstar/VariableBlur @ main (5073a0d)
  swift-http-types: https://github.com/apple/swift-http-types.git @ 1.6.0
  xctest-dynamic-overlay: https://github.com/pointfreeco/xctest-dynamic-overlay @ 1.9.0
  swift-concurrency-extras: https://github.com/pointfreeco/swift-concurrency-extras @ 1.4.0
  ProgressiveBlurHeader: https://github.com/dominikmartn/ProgressiveBlurHeader @ main (0e8c29b)
  Supabase: https://github.com/supabase/supabase-swift.git @ 2.46.0
  swift-asn1: https://github.com/apple/swift-asn1.git @ 1.7.1

Writing result bundle at path:
	/Users/sinjunho/Desktop/Taste Buddy/output/question-inline-fix/ui-1.xcresult

2026-09-13 20:37:06.137290+0900 TasteBuddyMemoryUITests-Runner[15942:4535322] [Default] Running tests...
2026-09-13 20:37:06.253894+0900 TasteBuddyMemoryUITests-Runner[15942:4535428] [General] Failed to send CA Event for app launch measurements for ca_event_type: 0 event_name: com.apple.app_launch_measurement.FirstFramePresentationMetric
2026-09-13 20:37:06.290893+0900 TasteBuddyMemoryUITests-Runner[15942:4535428] [General] Failed to send CA Event for app launch measurements for ca_event_type: 1 event_name: com.apple.app_launch_measurement.ExtendedLaunchMetrics
Test Suite 'Selected tests' started at 2026-09-13 20:37:16.953.
Test Suite 'TasteBuddyMemoryUITests.xctest' started at 2026-09-13 20:37:16.956.
Test Suite 'HomeTasteQuestionUITests' started at 2026-09-13 20:37:16.958.
Test Case '-[TasteBuddyMemoryUITests.HomeTasteQuestionUITests test05LegacyQuestionHasInlineChoicesAndAllListExcludesEditingOnlyItems]' started.
    t =     0.01s Start Test at 2026-09-13 20:37:16.964
    t =     1.15s Set Up
    t =     1.21s Open com.juneh96.tastebuddy.ios
    t =     1.21s     Launch com.juneh96.tastebuddy.ios
2026-09-13 20:37:19.600 xcodebuild[15656:4534591] [MT] IDELaunchParametersSnapshot: The operation couldn’t be completed. (DebuggerLLDB.DebuggerVersionStore.StoreError error 0.)
2026-09-13 20:37:19.600 xcodebuild[15656:4534591] [MT] IDELaunchParametersSnapshot: no debugger version
    t =     9.60s         Setting up automation session
    t =    16.16s         Wait for com.juneh96.tastebuddy.ios to idle
    t =    26.67s Waiting 120.0s for "taste-question-toggle" Button to exist
    t =    27.70s     Checking `Expect predicate `existsNoRetry == 1` for object "taste-question-toggle" Button`
    t =    27.70s         Checking existence of `"taste-question-toggle" Button`
    t =    28.75s Find the Target Application 'com.juneh96.tastebuddy.ios'
    t =    29.27s Checking existence of `"taste-question-toggle" Button`
    t =    29.66s Find the "taste-question-toggle" Button
    t =    30.12s Find the "taste-question-toggle" Button
    t =    30.61s Tap "taste-question-toggle" Button
    t =    30.61s     Wait for com.juneh96.tastebuddy.ios to idle
    t =    30.63s     Find the "taste-question-toggle" Button
    t =    31.10s     Check for interrupting elements affecting "taste-question-toggle" Button
    t =    31.44s     Synthesize event
    t =    32.04s     Wait for com.juneh96.tastebuddy.ios to idle
    t =    33.12s Find the Target Application 'com.juneh96.tastebuddy.ios'
    t =    33.60s Checking existence of `"taste-question-choice-liked" Button`
    t =    33.95s Find the "taste-question-choice-liked" Button
    t =    34.46s Find the "taste-question-choice-liked" Button
    t =    35.00s Checking existence of `"taste-question-choice-neutral" Button`
    t =    35.28s Checking existence of `"taste-question-choice-disliked" Button`
    t =    35.69s Checking existence of `"원래 기록 보기/수정" Button`
    t =    36.11s Find the Target Application 'com.juneh96.tastebuddy.ios'
    t =    37.78s Added attachment named 'legacy-home-inline-choices'
    t =    37.79s Tap "taste-question-choice-liked" Button
    t =    37.79s     Wait for com.juneh96.tastebuddy.ios to idle
    t =    37.82s     Find the "taste-question-choice-liked" Button
    t =    38.14s     Check for interrupting elements affecting "taste-question-choice-liked" Button
    t =    38.44s     Synthesize event
    t =    38.93s     Wait for com.juneh96.tastebuddy.ios to idle
    t =    39.34s Waiting 10.0s for StaticText (First Match) to exist
    t =    40.38s     Checking `Expect predicate `existsNoRetry == 1` for object StaticText (First Match)`
    t =    40.38s         Checking existence of `StaticText (First Match)`
    t =    40.47s Find the Target Application 'com.juneh96.tastebuddy.ios'
    t =    40.66s Checking existence of `"taste-question-stack-toggle" Button`
    t =    40.92s Find the "taste-question-stack-toggle" Button
    t =    41.34s Find the "taste-question-stack-toggle" Button
    t =    41.87s Tap "taste-question-stack-toggle" Button
    t =    41.87s     Wait for com.juneh96.tastebuddy.ios to idle
    t =    41.91s     Find the "taste-question-stack-toggle" Button
    t =    42.31s     Check for interrupting elements affecting "taste-question-stack-toggle" Button
    t =    42.59s     Synthesize event
    t =    43.06s     Wait for com.juneh96.tastebuddy.ios to idle
    t =    44.32s Find the Target Application 'com.juneh96.tastebuddy.ios'
    t =    44.47s Checking existence of `"taste-questions-see-all" Button`
    t =    44.84s Find the "taste-questions-see-all" Button
    t =    45.30s Find the "taste-questions-see-all" Button
    t =    45.83s Tap "taste-questions-see-all" Button
    t =    45.84s     Wait for com.juneh96.tastebuddy.ios to idle
    t =    45.85s     Find the "taste-questions-see-all" Button
    t =    46.17s     Check for interrupting elements affecting "taste-questions-see-all" Button
    t =    46.48s     Synthesize event
    t =    46.92s     Wait for com.juneh96.tastebuddy.ios to idle
    t =    48.49s Waiting 30.0s for "질문 전체보기" StaticText to exist
    t =    49.55s     Checking `Expect predicate `existsNoRetry == 1` for object "질문 전체보기" StaticText`
    t =    49.55s         Checking existence of `"질문 전체보기" StaticText`
    t =    50.32s Find the Target Application 'com.juneh96.tastebuddy.ios'
    t =    50.56s Checking existence of `"taste-question-toggle" Button`
    t =    50.80s Find the "taste-question-toggle" Button
    t =    51.06s Find the Target Application 'com.juneh96.tastebuddy.ios'
    t =    51.28s Press Target Application 'com.juneh96.tastebuddy.ios'[0.90, 0.50] for 0.1 seconds, then drag to Target Application 'com.juneh96.tastebuddy.ios'[0.90, 0.50] -> (0.0, 218.5) with velocity of 250.00 pixels per second, and then hold for 0.2 seconds 
    t =    51.28s     Wait for com.juneh96.tastebuddy.ios to idle
    t =    51.31s     Find the Target Application 'com.juneh96.tastebuddy.ios'
    t =    51.60s     Check for interrupting elements affecting "Taste Buddy" Application
    t =    51.94s     Synthesize event
    t =    51.97s         Find the Target Application 'com.juneh96.tastebuddy.ios'
    t =    52.18s         Find the Target Application 'com.juneh96.tastebuddy.ios'
    t =    52.43s         Find the Target Application 'com.juneh96.tastebuddy.ios'
    t =    52.68s         Find the Target Application 'com.juneh96.tastebuddy.ios'
    t =    52.91s         Find the Target Application 'com.juneh96.tastebuddy.ios'
    t =    54.52s     Wait for com.juneh96.tastebuddy.ios to idle
    t =    54.91s Checking existence of `"taste-question-toggle" Button`
    t =    55.11s Find the "taste-question-toggle" Button
    t =    55.43s Find the Target Application 'com.juneh96.tastebuddy.ios'
    t =    55.66s Press Target Application 'com.juneh96.tastebuddy.ios'[0.90, 0.50] for 0.1 seconds, then drag to Target Application 'com.juneh96.tastebuddy.ios'[0.90, 0.50] -> (0.0, 218.5) with velocity of 250.00 pixels per second, and then hold for 0.2 seconds 
    t =    55.66s     Wait for com.juneh96.tastebuddy.ios to idle
    t =    55.68s     Find the Target Application 'com.juneh96.tastebuddy.ios'
    t =    55.96s     Check for interrupting elements affecting "Taste Buddy" Application
    t =    56.35s     Synthesize event
    t =    56.37s         Find the Target Application 'com.juneh96.tastebuddy.ios'
    t =    56.59s         Find the Target Application 'com.juneh96.tastebuddy.ios'
    t =    56.90s         Find the Target Application 'com.juneh96.tastebuddy.ios'
    t =    57.12s         Find the Target Application 'com.juneh96.tastebuddy.ios'
    t =    57.43s         Find the Target Application 'com.juneh96.tastebuddy.ios'
    t =    59.17s     Wait for com.juneh96.tastebuddy.ios to idle
    t =    59.52s Checking existence of `"taste-question-toggle" Button`
    t =    59.79s Find the "taste-question-toggle" Button
    t =    60.02s Find the Target Application 'com.juneh96.tastebuddy.ios'
    t =    60.19s Press Target Application 'com.juneh96.tastebuddy.ios'[0.90, 0.50] for 0.1 seconds, then drag to Target Application 'com.juneh96.tastebuddy.ios'[0.90, 0.50] -> (0.0, 218.5) with velocity of 250.00 pixels per second, and then hold for 0.2 seconds 
    t =    60.20s     Wait for com.juneh96.tastebuddy.ios to idle
    t =    60.21s     Find the Target Application 'com.juneh96.tastebuddy.ios'
    t =    60.50s     Check for interrupting elements affecting "Taste Buddy" Application
    t =    60.74s     Synthesize event
    t =    60.75s         Find the Target Application 'com.juneh96.tastebuddy.ios'
    t =    60.96s         Find the Target Application 'com.juneh96.tastebuddy.ios'
    t =    61.18s         Find the Target Application 'com.juneh96.tastebuddy.ios'
    t =    61.37s         Find the Target Application 'com.juneh96.tastebuddy.ios'
    t =    61.65s         Find the Target Application 'com.juneh96.tastebuddy.ios'
    t =    63.27s     Wait for com.juneh96.tastebuddy.ios to idle
    t =    63.70s Checking existence of `"taste-question-toggle" Button`
    t =    64.00s Find the "taste-question-toggle" Button
    t =    64.17s Find the Target Application 'com.juneh96.tastebuddy.ios'
    t =    64.34s Press Target Application 'com.juneh96.tastebuddy.ios'[0.90, 0.50] for 0.1 seconds, then drag to Target Application 'com.juneh96.tastebuddy.ios'[0.90, 0.50] -> (0.0, 218.5) with velocity of 250.00 pixels per second, and then hold for 0.2 seconds 
    t =    64.34s     Wait for com.juneh96.tastebuddy.ios to idle
    t =    64.41s     Find the Target Application 'com.juneh96.tastebuddy.ios'
    t =    64.61s     Check for interrupting elements affecting "Taste Buddy" Application
    t =    64.90s     Synthesize event
    t =    64.93s         Find the Target Application 'com.juneh96.tastebuddy.ios'
    t =    65.12s         Find the Target Application 'com.juneh96.tastebuddy.ios'
    t =    65.33s         Find the Target Application 'com.juneh96.tastebuddy.ios'
    t =    65.54s         Find the Target Application 'com.juneh96.tastebuddy.ios'
    t =    65.77s         Find the Target Application 'com.juneh96.tastebuddy.ios'
    t =    67.40s     Wait for com.juneh96.tastebuddy.ios to idle
    t =    67.80s Checking existence of `"taste-question-toggle" Button`
    t =    68.10s Find the "taste-question-toggle" Button
    t =    68.45s Find the Target Application 'com.juneh96.tastebuddy.ios'
    t =    68.68s Press Target Application 'com.juneh96.tastebuddy.ios'[0.90, 0.50] for 0.1 seconds, then drag to Target Application 'com.juneh96.tastebuddy.ios'[0.90, 0.50] -> (0.0, 218.5) with velocity of 250.00 pixels per second, and then hold for 0.2 seconds 
    t =    68.68s     Wait for com.juneh96.tastebuddy.ios to idle
    t =    68.70s     Find the Target Application 'com.juneh96.tastebuddy.ios'
    t =    68.92s     Check for interrupting elements affecting "Taste Buddy" Application
    t =    69.22s     Synthesize event
    t =    69.25s         Find the Target Application 'com.juneh96.tastebuddy.ios'
    t =    69.47s         Find the Target Application 'com.juneh96.tastebuddy.ios'
    t =    69.83s         Find the Target Application 'com.juneh96.tastebuddy.ios'
    t =    70.02s         Find the Target Application 'com.juneh96.tastebuddy.ios'
    t =    70.33s         Find the Target Application 'com.juneh96.tastebuddy.ios'
    t =    72.00s     Wait for com.juneh96.tastebuddy.ios to idle
    t =    72.36s Checking existence of `"taste-question-toggle" Button`
    t =    72.55s Find the "taste-question-toggle" Button
    t =    72.79s Find the Target Application 'com.juneh96.tastebuddy.ios'
    t =    73.06s Press Target Application 'com.juneh96.tastebuddy.ios'[0.90, 0.50] for 0.1 seconds, then drag to Target Application 'com.juneh96.tastebuddy.ios'[0.90, 0.50] -> (0.0, 218.5) with velocity of 250.00 pixels per second, and then hold for 0.2 seconds 
    t =    73.06s     Wait for com.juneh96.tastebuddy.ios to idle
    t =    73.09s     Find the Target Application 'com.juneh96.tastebuddy.ios'
    t =    73.36s     Check for interrupting elements affecting "Taste Buddy" Application
    t =    73.73s     Synthesize event
    t =    73.78s         Find the Target Application 'com.juneh96.tastebuddy.ios'
    t =    74.08s         Find the Target Application 'com.juneh96.tastebuddy.ios'
    t =    74.31s         Find the Target Application 'com.juneh96.tastebuddy.ios'
    t =    74.61s         Find the Target Application 'com.juneh96.tastebuddy.ios'
    t =    74.90s         Find the Target Application 'com.juneh96.tastebuddy.ios'
    t =    76.57s     Wait for com.juneh96.tastebuddy.ios to idle
    t =    76.95s Checking existence of `"taste-question-toggle" Button`
    t =    77.18s Find the "taste-question-toggle" Button
    t =    77.44s Find the Target Application 'com.juneh96.tastebuddy.ios'
    t =    77.75s Press Target Application 'com.juneh96.tastebuddy.ios'[0.90, 0.50] for 0.1 seconds, then drag to Target Application 'com.juneh96.tastebuddy.ios'[0.90, 0.50] -> (0.0, 218.5) with velocity of 250.00 pixels per second, and then hold for 0.2 seconds 
    t =    77.75s     Wait for com.juneh96.tastebuddy.ios to idle
    t =    77.87s     Find the Target Application 'com.juneh96.tastebuddy.ios'
    t =    78.22s     Check for interrupting elements affecting "Taste Buddy" Application
    t =    78.51s     Synthesize event
    t =    78.61s         Find the Target Application 'com.juneh96.tastebuddy.ios'
    t =    78.92s         Find the Target Application 'com.juneh96.tastebuddy.ios'
    t =    79.17s         Find the Target Application 'com.juneh96.tastebuddy.ios'
    t =    79.39s         Find the Target Application 'com.juneh96.tastebuddy.ios'
    t =    79.67s         Find the Target Application 'com.juneh96.tastebuddy.ios'
    t =    81.29s     Wait for com.juneh96.tastebuddy.ios to idle
    t =    81.69s Checking existence of `"taste-question-toggle" Button`
    t =    81.95s Find the "taste-question-toggle" Button
    t =    82.16s Find the Target Application 'com.juneh96.tastebuddy.ios'
    t =    82.36s Press Target Application 'com.juneh96.tastebuddy.ios'[0.90, 0.50] for 0.1 seconds, then drag to Target Application 'com.juneh96.tastebuddy.ios'[0.90, 0.50] -> (0.0, 218.5) with velocity of 250.00 pixels per second, and then hold for 0.2 seconds 
    t =    82.36s     Wait for com.juneh96.tastebuddy.ios to idle
    t =    82.39s     Find the Target Application 'com.juneh96.tastebuddy.ios'
    t =    82.73s     Check for interrupting elements affecting "Taste Buddy" Application
    t =    83.11s     Synthesize event
    t =    83.17s         Find the Target Application 'com.juneh96.tastebuddy.ios'
    t =    83.41s         Find the Target Application 'com.juneh96.tastebuddy.ios'
    t =    83.69s         Find the Target Application 'com.juneh96.tastebuddy.ios'
    t =    83.98s         Find the Target Application 'com.juneh96.tastebuddy.ios'
    t =    84.27s         Find the Target Application 'com.juneh96.tastebuddy.ios'
    t =    86.05s     Wait for com.juneh96.tastebuddy.ios to idle
    t =    86.55s Checking existence of `"taste-question-toggle" Button`
    t =    86.86s Find the "taste-question-toggle" Button
    t =    87.11s Find the Target Application 'com.juneh96.tastebuddy.ios'
    t =    87.33s Press Target Application 'com.juneh96.tastebuddy.ios'[0.90, 0.50] for 0.1 seconds, then drag to Target Application 'com.juneh96.tastebuddy.ios'[0.90, 0.50] -> (0.0, 218.5) with velocity of 250.00 pixels per second, and then hold for 0.2 seconds 
    t =    87.33s     Wait for com.juneh96.tastebuddy.ios to idle
    t =    87.38s     Find the Target Application 'com.juneh96.tastebuddy.ios'
    t =    87.61s     Check for interrupting elements affecting "Taste Buddy" Application
    t =    87.90s     Synthesize event
    t =    87.91s         Find the Target Application 'com.juneh96.tastebuddy.ios'
    t =    88.12s         Find the Target Application 'com.juneh96.tastebuddy.ios'
    t =    88.33s         Find the Target Application 'com.juneh96.tastebuddy.ios'
    t =    88.56s         Find the Target Application 'com.juneh96.tastebuddy.ios'
    t =    88.87s         Find the Target Application 'com.juneh96.tastebuddy.ios'
    t =    90.54s     Wait for com.juneh96.tastebuddy.ios to idle
    t =    90.93s Checking existence of `"taste-question-toggle" Button`
    t =    91.09s Find the "taste-question-toggle" Button
    t =    91.27s Find the Target Application 'com.juneh96.tastebuddy.ios'
    t =    91.46s Press Target Application 'com.juneh96.tastebuddy.ios'[0.90, 0.50] for 0.1 seconds, then drag to Target Application 'com.juneh96.tastebuddy.ios'[0.90, 0.50] -> (0.0, 218.5) with velocity of 250.00 pixels per second, and then hold for 0.2 seconds 
    t =    91.46s     Wait for com.juneh96.tastebuddy.ios to idle
    t =    91.48s     Find the Target Application 'com.juneh96.tastebuddy.ios'
    t =    91.68s     Check for interrupting elements affecting "Taste Buddy" Application
    t =    91.91s     Synthesize event
    t =    91.92s         Find the Target Application 'com.juneh96.tastebuddy.ios'
    t =    92.09s         Find the Target Application 'com.juneh96.tastebuddy.ios'
    t =    92.27s         Find the Target Application 'com.juneh96.tastebuddy.ios'
    t =    92.44s         Find the Target Application 'com.juneh96.tastebuddy.ios'
    t =    92.67s         Find the Target Application 'com.juneh96.tastebuddy.ios'
    t =    94.26s     Wait for com.juneh96.tastebuddy.ios to idle
    t =    94.74s Checking existence of `"taste-question-toggle" Button`
    t =    94.92s Find the "taste-question-toggle" Button
    t =    95.11s Find the Target Application 'com.juneh96.tastebuddy.ios'
    t =    95.27s Press Target Application 'com.juneh96.tastebuddy.ios'[0.90, 0.50] for 0.1 seconds, then drag to Target Application 'com.juneh96.tastebuddy.ios'[0.90, 0.50] -> (0.0, 218.5) with velocity of 250.00 pixels per second, and then hold for 0.2 seconds 
    t =    95.27s     Wait for com.juneh96.tastebuddy.ios to idle
    t =    95.30s     Find the Target Application 'com.juneh96.tastebuddy.ios'
    t =    95.55s     Check for interrupting elements affecting "Taste Buddy" Application
    t =    95.81s     Synthesize event
    t =    95.84s         Find the Target Application 'com.juneh96.tastebuddy.ios'
    t =    96.02s         Find the Target Application 'com.juneh96.tastebuddy.ios'
    t =    96.23s         Find the Target Application 'com.juneh96.tastebuddy.ios'
    t =    96.41s         Find the Target Application 'com.juneh96.tastebuddy.ios'
    t =    96.64s         Find the Target Application 'com.juneh96.tastebuddy.ios'
    t =    98.25s     Wait for com.juneh96.tastebuddy.ios to idle
    t =    98.62s Checking existence of `"taste-question-toggle" Button`
    t =    98.80s Find the "taste-question-toggle" Button
    t =    99.00s Find the Target Application 'com.juneh96.tastebuddy.ios'
    t =    99.16s Press Target Application 'com.juneh96.tastebuddy.ios'[0.90, 0.50] for 0.1 seconds, then drag to Target Application 'com.juneh96.tastebuddy.ios'[0.90, 0.50] -> (0.0, 218.5) with velocity of 250.00 pixels per second, and then hold for 0.2 seconds 
    t =    99.16s     Wait for com.juneh96.tastebuddy.ios to idle
    t =    99.18s     Find the Target Application 'com.juneh96.tastebuddy.ios'
    t =    99.40s     Check for interrupting elements affecting "Taste Buddy" Application
    t =    99.64s     Synthesize event
    t =    99.67s         Find the Target Application 'com.juneh96.tastebuddy.ios'
    t =    99.84s         Find the Target Application 'com.juneh96.tastebuddy.ios'
    t =   100.02s         Find the Target Application 'com.juneh96.tastebuddy.ios'
    t =   100.19s         Find the Target Application 'com.juneh96.tastebuddy.ios'
    t =   100.37s         Find the Target Application 'com.juneh96.tastebuddy.ios'
    t =   101.98s     Wait for com.juneh96.tastebuddy.ios to idle
    t =   102.36s Checking existence of `"taste-question-toggle" Button`
    t =   102.52s Find the "taste-question-toggle" Button
    t =   102.70s Find the Target Application 'com.juneh96.tastebuddy.ios'
    t =   102.86s Press Target Application 'com.juneh96.tastebuddy.ios'[0.90, 0.50] for 0.1 seconds, then drag to Target Application 'com.juneh96.tastebuddy.ios'[0.90, 0.50] -> (0.0, 218.5) with velocity of 250.00 pixels per second, and then hold for 0.2 seconds 
    t =   102.86s     Wait for com.juneh96.tastebuddy.ios to idle
    t =   102.88s     Find the Target Application 'com.juneh96.tastebuddy.ios'
    t =   103.13s     Check for interrupting elements affecting "Taste Buddy" Application
    t =   103.34s     Synthesize event
    t =   103.35s         Find the Target Application 'com.juneh96.tastebuddy.ios'
    t =   103.51s         Find the Target Application 'com.juneh96.tastebuddy.ios'
    t =   103.67s         Find the Target Application 'com.juneh96.tastebuddy.ios'
    t =   103.83s         Find the Target Application 'com.juneh96.tastebuddy.ios'
    t =   104.05s         Find the Target Application 'com.juneh96.tastebuddy.ios'
    t =   105.66s     Wait for com.juneh96.tastebuddy.ios to idle
    t =   106.09s Checking existence of `"taste-question-toggle" Button`
    t =   106.25s Find the "taste-question-toggle" Button
    t =   106.42s Find the Target Application 'com.juneh96.tastebuddy.ios'
    t =   106.59s Press Target Application 'com.juneh96.tastebuddy.ios'[0.90, 0.50] for 0.1 seconds, then drag to Target Application 'com.juneh96.tastebuddy.ios'[0.90, 0.50] -> (0.0, 218.5) with velocity of 250.00 pixels per second, and then hold for 0.2 seconds 
    t =   106.59s     Wait for com.juneh96.tastebuddy.ios to idle
    t =   106.61s     Find the Target Application 'com.juneh96.tastebuddy.ios'
    t =   106.85s     Check for interrupting elements affecting "Taste Buddy" Application
    t =   107.09s     Synthesize event
    t =   107.12s         Find the Target Application 'com.juneh96.tastebuddy.ios'
    t =   107.29s         Find the Target Application 'com.juneh96.tastebuddy.ios'
    t =   107.48s         Find the Target Application 'com.juneh96.tastebuddy.ios'
    t =   107.67s         Find the Target Application 'com.juneh96.tastebuddy.ios'
    t =   107.88s         Find the Target Application 'com.juneh96.tastebuddy.ios'
    t =   109.47s     Wait for com.juneh96.tastebuddy.ios to idle
    t =   109.82s Checking existence of `"taste-question-toggle" Button`
    t =   110.02s Find the "taste-question-toggle" Button
    t =   110.18s Find the Target Application 'com.juneh96.tastebuddy.ios'
    t =   110.33s Press Target Application 'com.juneh96.tastebuddy.ios'[0.90, 0.50] for 0.1 seconds, then drag to Target Application 'com.juneh96.tastebuddy.ios'[0.90, 0.50] -> (0.0, 218.5) with velocity of 250.00 pixels per second, and then hold for 0.2 seconds 
    t =   110.33s     Wait for com.juneh96.tastebuddy.ios to idle
    t =   110.35s     Find the Target Application 'com.juneh96.tastebuddy.ios'
    t =   110.51s     Check for interrupting elements affecting "Taste Buddy" Application
    t =   110.70s     Synthesize event
    t =   110.71s         Find the Target Application 'com.juneh96.tastebuddy.ios'
    t =   110.89s         Find the Target Application 'com.juneh96.tastebuddy.ios'
    t =   111.05s         Find the Target Application 'com.juneh96.tastebuddy.ios'
    t =   111.18s         Find the Target Application 'com.juneh96.tastebuddy.ios'
    t =   111.36s         Find the Target Application 'com.juneh96.tastebuddy.ios'
    t =   112.92s     Wait for com.juneh96.tastebuddy.ios to idle
    t =   113.32s Checking existence of `"taste-question-toggle" Button`
    t =   113.53s Find the "taste-question-toggle" Button
    t =   113.68s Find the Target Application 'com.juneh96.tastebuddy.ios'
    t =   113.84s Press Target Application 'com.juneh96.tastebuddy.ios'[0.90, 0.50] for 0.1 seconds, then drag to Target Application 'com.juneh96.tastebuddy.ios'[0.90, 0.50] -> (0.0, 218.5) with velocity of 250.00 pixels per second, and then hold for 0.2 seconds 
    t =   113.84s     Wait for com.juneh96.tastebuddy.ios to idle
    t =   113.86s     Find the Target Application 'com.juneh96.tastebuddy.ios'
    t =   114.05s     Check for interrupting elements affecting "Taste Buddy" Application
    t =   114.23s     Synthesize event
    t =   114.24s         Find the Target Application 'com.juneh96.tastebuddy.ios'
    t =   114.41s         Find the Target Application 'com.juneh96.tastebuddy.ios'
    t =   114.57s         Find the Target Application 'com.juneh96.tastebuddy.ios'
    t =   114.71s         Find the Target Application 'com.juneh96.tastebuddy.ios'
    t =   114.88s         Find the Target Application 'com.juneh96.tastebuddy.ios'
    t =   116.45s     Wait for com.juneh96.tastebuddy.ios to idle
    t =   116.84s Checking existence of `"taste-question-toggle" Button`
    t =   117.01s Find the "taste-question-toggle" Button
    t =   117.20s Find the Target Application 'com.juneh96.tastebuddy.ios'
    t =   117.34s Press Target Application 'com.juneh96.tastebuddy.ios'[0.90, 0.50] for 0.1 seconds, then drag to Target Application 'com.juneh96.tastebuddy.ios'[0.90, 0.50] -> (0.0, 218.5) with velocity of 250.00 pixels per second, and then hold for 0.2 seconds 
    t =   117.34s     Wait for com.juneh96.tastebuddy.ios to idle
    t =   117.36s     Find the Target Application 'com.juneh96.tastebuddy.ios'
    t =   117.53s     Check for interrupting elements affecting "Taste Buddy" Application
    t =   117.75s     Synthesize event
    t =   117.79s         Find the Target Application 'com.juneh96.tastebuddy.ios'
    t =   117.97s         Find the Target Application 'com.juneh96.tastebuddy.ios'
    t =   118.14s         Find the Target Application 'com.juneh96.tastebuddy.ios'
    t =   118.29s         Find the Target Application 'com.juneh96.tastebuddy.ios'
    t =   118.48s         Find the Target Application 'com.juneh96.tastebuddy.ios'
    t =   120.05s     Wait for com.juneh96.tastebuddy.ios to idle
    t =   120.38s Checking existence of `"taste-question-toggle" Button`
    t =   120.57s Find the "taste-question-toggle" Button
    t =   120.75s Find the Target Application 'com.juneh96.tastebuddy.ios'
    t =   120.92s Press Target Application 'com.juneh96.tastebuddy.ios'[0.90, 0.50] for 0.1 seconds, then drag to Target Application 'com.juneh96.tastebuddy.ios'[0.90, 0.50] -> (0.0, 218.5) with velocity of 250.00 pixels per second, and then hold for 0.2 seconds 
    t =   120.92s     Wait for com.juneh96.tastebuddy.ios to idle
    t =   120.94s     Find the Target Application 'com.juneh96.tastebuddy.ios'
    t =   121.10s     Check for interrupting elements affecting "Taste Buddy" Application
    t =   121.37s     Synthesize event
    t =   121.41s         Find the Target Application 'com.juneh96.tastebuddy.ios'
    t =   121.56s         Find the Target Application 'com.juneh96.tastebuddy.ios'
    t =   121.72s         Find the Target Application 'com.juneh96.tastebuddy.ios'
    t =   121.89s         Find the Target Application 'com.juneh96.tastebuddy.ios'
    t =   122.11s         Find the Target Application 'com.juneh96.tastebuddy.ios'
    t =   123.70s     Wait for com.juneh96.tastebuddy.ios to idle
    t =   124.12s Checking existence of `"taste-question-toggle" Button`
    t =   124.29s Find the "taste-question-toggle" Button
    t =   124.43s Find the Target Application 'com.juneh96.tastebuddy.ios'
    t =   124.57s Press Target Application 'com.juneh96.tastebuddy.ios'[0.90, 0.50] for 0.1 seconds, then drag to Target Application 'com.juneh96.tastebuddy.ios'[0.90, 0.50] -> (0.0, 218.5) with velocity of 250.00 pixels per second, and then hold for 0.2 seconds 
    t =   124.57s     Wait for com.juneh96.tastebuddy.ios to idle
    t =   124.59s     Find the Target Application 'com.juneh96.tastebuddy.ios'
    t =   124.79s     Check for interrupting elements affecting "Taste Buddy" Application
    t =   125.00s     Synthesize event
    t =   125.02s         Find the Target Application 'com.juneh96.tastebuddy.ios'
    t =   125.17s         Find the Target Application 'com.juneh96.tastebuddy.ios'
    t =   125.34s         Find the Target Application 'com.juneh96.tastebuddy.ios'
    t =   125.49s         Find the Target Application 'com.juneh96.tastebuddy.ios'
    t =   125.70s         Find the Target Application 'com.juneh96.tastebuddy.ios'
    t =   127.27s     Wait for com.juneh96.tastebuddy.ios to idle
    t =   127.63s Checking existence of `"taste-question-toggle" Button`
    t =   127.84s Find the "taste-question-toggle" Button
    t =   128.00s Find the Target Application 'com.juneh96.tastebuddy.ios'
    t =   128.15s Press Target Application 'com.juneh96.tastebuddy.ios'[0.90, 0.50] for 0.1 seconds, then drag to Target Application 'com.juneh96.tastebuddy.ios'[0.90, 0.50] -> (0.0, 218.5) with velocity of 250.00 pixels per second, and then hold for 0.2 seconds 
    t =   128.15s     Wait for com.juneh96.tastebuddy.ios to idle
    t =   128.18s     Find the Target Application 'com.juneh96.tastebuddy.ios'
    t =   128.36s     Check for interrupting elements affecting "Taste Buddy" Application
    t =   128.56s     Synthesize event
    t =   128.57s         Find the Target Application 'com.juneh96.tastebuddy.ios'
    t =   128.71s         Find the Target Application 'com.juneh96.tastebuddy.ios'
    t =   128.88s         Find the Target Application 'com.juneh96.tastebuddy.ios'
    t =   129.03s         Find the Target Application 'com.juneh96.tastebuddy.ios'
    t =   129.20s         Find the Target Application 'com.juneh96.tastebuddy.ios'
    t =   130.76s     Wait for com.juneh96.tastebuddy.ios to idle
    t =   131.11s Checking existence of `"taste-question-toggle" Button`
    t =   131.25s Find the "taste-question-toggle" Button
    t =   131.41s Find the Target Application 'com.juneh96.tastebuddy.ios'
    t =   131.54s Press Target Application 'com.juneh96.tastebuddy.ios'[0.90, 0.50] for 0.1 seconds, then drag to Target Application 'com.juneh96.tastebuddy.ios'[0.90, 0.50] -> (0.0, 218.5) with velocity of 250.00 pixels per second, and then hold for 0.2 seconds 
    t =   131.54s     Wait for com.juneh96.tastebuddy.ios to idle
    t =   131.56s     Find the Target Application 'com.juneh96.tastebuddy.ios'
    t =   131.71s     Check for interrupting elements affecting "Taste Buddy" Application
    t =   131.89s     Synthesize event
    t =   131.90s         Find the Target Application 'com.juneh96.tastebuddy.ios'
    t =   132.03s         Find the Target Application 'com.juneh96.tastebuddy.ios'
    t =   132.18s         Find the Target Application 'com.juneh96.tastebuddy.ios'
    t =   132.33s         Find the Target Application 'com.juneh96.tastebuddy.ios'
    t =   132.62s         Find the Target Application 'com.juneh96.tastebuddy.ios'
    t =   134.20s     Wait for com.juneh96.tastebuddy.ios to idle
    t =   134.61s Checking existence of `"taste-question-toggle" Button`
    t =   134.79s Find the "taste-question-toggle" Button
    t =   134.97s Find the Target Application 'com.juneh96.tastebuddy.ios'
    t =   135.15s Press Target Application 'com.juneh96.tastebuddy.ios'[0.90, 0.50] for 0.1 seconds, then drag to Target Application 'com.juneh96.tastebuddy.ios'[0.90, 0.50] -> (0.0, 218.5) with velocity of 250.00 pixels per second, and then hold for 0.2 seconds 
    t =   135.15s     Wait for com.juneh96.tastebuddy.ios to idle
    t =   135.18s     Find the Target Application 'com.juneh96.tastebuddy.ios'
    t =   135.37s     Check for interrupting elements affecting "Taste Buddy" Application
    t =   135.61s     Synthesize event
    t =   135.64s         Find the Target Application 'com.juneh96.tastebuddy.ios'
    t =   135.79s         Find the Target Application 'com.juneh96.tastebuddy.ios'
    t =   135.95s         Find the Target Application 'com.juneh96.tastebuddy.ios'
    t =   136.12s         Find the Target Application 'com.juneh96.tastebuddy.ios'
    t =   136.29s         Find the Target Application 'com.juneh96.tastebuddy.ios'
    t =   137.85s     Wait for com.juneh96.tastebuddy.ios to idle
    t =   138.25s Checking existence of `"taste-question-toggle" Button`
    t =   138.46s Find the "taste-question-toggle" Button
    t =   138.61s Find the Target Application 'com.juneh96.tastebuddy.ios'
    t =   138.74s Press Target Application 'com.juneh96.tastebuddy.ios'[0.90, 0.50] for 0.1 seconds, then drag to Target Application 'com.juneh96.tastebuddy.ios'[0.90, 0.50] -> (0.0, 218.5) with velocity of 250.00 pixels per second, and then hold for 0.2 seconds 
    t =   138.74s     Wait for com.juneh96.tastebuddy.ios to idle
    t =   138.76s     Find the Target Application 'com.juneh96.tastebuddy.ios'
    t =   138.92s     Check for interrupting elements affecting "Taste Buddy" Application
    t =   139.09s     Synthesize event
    t =   139.10s         Find the Target Application 'com.juneh96.tastebuddy.ios'
    t =   139.24s         Find the Target Application 'com.juneh96.tastebuddy.ios'
    t =   139.39s         Find the Target Application 'com.juneh96.tastebuddy.ios'
    t =   139.54s         Find the Target Application 'com.juneh96.tastebuddy.ios'
    t =   139.71s         Find the Target Application 'com.juneh96.tastebuddy.ios'
    t =   141.27s     Wait for com.juneh96.tastebuddy.ios to idle
    t =   141.60s Checking existence of `"taste-question-toggle" Button`
    t =   141.77s Find the "taste-question-toggle" Button
    t =   141.93s Find the Target Application 'com.juneh96.tastebuddy.ios'
    t =   142.11s Press Target Application 'com.juneh96.tastebuddy.ios'[0.90, 0.50] for 0.1 seconds, then drag to Target Application 'com.juneh96.tastebuddy.ios'[0.90, 0.50] -> (0.0, 218.5) with velocity of 250.00 pixels per second, and then hold for 0.2 seconds 
    t =   142.11s     Wait for com.juneh96.tastebuddy.ios to idle
    t =   142.13s     Find the Target Application 'com.juneh96.tastebuddy.ios'
    t =   142.32s     Check for interrupting elements affecting "Taste Buddy" Application
    t =   142.54s     Synthesize event
    t =   142.58s         Find the Target Application 'com.juneh96.tastebuddy.ios'
    t =   142.74s         Find the Target Application 'com.juneh96.tastebuddy.ios'
    t =   142.90s         Find the Target Application 'com.juneh96.tastebuddy.ios'
    t =   143.03s         Find the Target Application 'com.juneh96.tastebuddy.ios'
    t =   143.18s         Find the Target Application 'com.juneh96.tastebuddy.ios'
    t =   144.73s     Wait for com.juneh96.tastebuddy.ios to idle
/Users/sinjunho/Desktop/Taste Buddy/ios/TasteBuddyMemoryUITests/FoodMemoryUITests.swift:119: error: -[TasteBuddyMemoryUITests.HomeTasteQuestionUITests test05LegacyQuestionHasInlineChoicesAndAllListExcludesEditingOnlyItems] : failed - 고정 UI 안쪽으로 요소를 스크롤하지 못했어요: "taste-question-toggle" Button
    t =   146.00s Tear Down
Test Case '-[TasteBuddyMemoryUITests.HomeTasteQuestionUITests test05LegacyQuestionHasInlineChoicesAndAllListExcludesEditingOnlyItems]' failed (146.667 seconds).
Test Case '-[TasteBuddyMemoryUITests.HomeTasteQuestionUITests test06AnalysisLegacyQuestionHasInlineChoices]' started.
    t =     0.00s Start Test at 2026-09-13 20:39:43.633
    t =     0.23s Set Up
    t =     0.24s Open com.juneh96.tastebuddy.ios
    t =     0.24s     Launch com.juneh96.tastebuddy.ios
    t =     0.24s         Terminate com.juneh96.tastebuddy.ios:16006
2026-09-13 20:39:44.934 xcodebuild[15656:4534591] [MT] IDELaunchParametersSnapshot: The operation couldn’t be completed. (DebuggerLLDB.DebuggerVersionStore.StoreError error 0.)
2026-09-13 20:39:44.934 xcodebuild[15656:4534591] [MT] IDELaunchParametersSnapshot: no debugger version
    t =     2.34s         Setting up automation session
    t =     5.39s         Wait for com.juneh96.tastebuddy.ios to idle
    t =     9.50s Waiting 120.0s for "taste-question-toggle" Button to exist
    t =    10.53s     Checking `Expect predicate `existsNoRetry == 1` for object "taste-question-toggle" Button`
    t =    10.53s         Checking existence of `"taste-question-toggle" Button`
    t =    10.96s Find the Target Application 'com.juneh96.tastebuddy.ios'
    t =    11.10s Checking existence of `"taste-question-toggle" Button`
    t =    11.36s Find the "taste-question-toggle" Button
    t =    11.64s Find the Target Application 'com.juneh96.tastebuddy.ios'
    t =    11.76s Press Target Application 'com.juneh96.tastebuddy.ios'[0.90, 0.50] for 0.1 seconds, then drag to Target Application 'com.juneh96.tastebuddy.ios'[0.90, 0.50] -> (0.0, -218.5) with velocity of 250.00 pixels per second, and then hold for 0.2 seconds 
    t =    11.76s     Wait for com.juneh96.tastebuddy.ios to idle
    t =    11.78s     Find the Target Application 'com.juneh96.tastebuddy.ios'
    t =    11.94s     Check for interrupting elements affecting "Taste Buddy" Application
    t =    12.09s     Synthesize event
    t =    12.10s         Find the Target Application 'com.juneh96.tastebuddy.ios'
    t =    12.21s         Find the Target Application 'com.juneh96.tastebuddy.ios'
    t =    12.35s         Find the Target Application 'com.juneh96.tastebuddy.ios'
    t =    12.48s         Find the Target Application 'com.juneh96.tastebuddy.ios'
    t =    12.63s         Find the Target Application 'com.juneh96.tastebuddy.ios'
    t =    14.19s     Wait for com.juneh96.tastebuddy.ios to idle
    t =    14.26s Checking existence of `"taste-question-toggle" Button`
    t =    14.57s Find the "taste-question-toggle" Button
    t =    14.84s Find the "taste-question-toggle" Button
    t =    15.22s Tap "taste-question-toggle" Button
    t =    15.22s     Wait for com.juneh96.tastebuddy.ios to idle
    t =    15.24s     Find the "taste-question-toggle" Button
    t =    15.47s     Check for interrupting elements affecting "taste-question-toggle" Button
    t =    15.65s     Synthesize event
    t =    16.08s     Wait for com.juneh96.tastebuddy.ios to idle
    t =    16.13s Find the Target Application 'com.juneh96.tastebuddy.ios'
    t =    16.27s Checking existence of `"taste-question-choice-neutral" Button`
    t =    16.53s Find the "taste-question-choice-neutral" Button
    t =    16.80s Find the "taste-question-choice-neutral" Button
    t =    17.17s Checking existence of `"원래 기록 보기/수정" Button`
    t =    17.34s Find the Target Application 'com.juneh96.tastebuddy.ios'
    t =    17.90s Added attachment named 'legacy-analysis-inline-choices'
    t =    17.90s Tap "taste-question-choice-neutral" Button
    t =    17.90s     Wait for com.juneh96.tastebuddy.ios to idle
    t =    17.92s     Find the "taste-question-choice-neutral" Button
    t =    18.17s     Check for interrupting elements affecting "taste-question-choice-neutral" Button
    t =    18.36s     Synthesize event
    t =    18.75s     Wait for com.juneh96.tastebuddy.ios to idle
    t =    18.81s Waiting 10.0s for StaticText (First Match) to exist
    t =    19.83s     Checking `Expect predicate `existsNoRetry == 1` for object StaticText (First Match)`
    t =    19.83s         Checking existence of `StaticText (First Match)`
    t =    19.88s Tear Down
Test Case '-[TasteBuddyMemoryUITests.HomeTasteQuestionUITests test06AnalysisLegacyQuestionHasInlineChoices]' passed (20.235 seconds).
Test Suite 'HomeTasteQuestionUITests' failed at 2026-09-13 20:40:03.868.
	 Executed 2 tests, with 1 failure (0 unexpected) in 166.903 (166.910) seconds
Test Suite 'TasteBuddyMemoryUITests.xctest' failed at 2026-09-13 20:40:03.870.
	 Executed 2 tests, with 1 failure (0 unexpected) in 166.903 (166.914) seconds
Test Suite 'Selected tests' failed at 2026-09-13 20:40:03.872.
	 Executed 2 tests, with 1 failure (0 unexpected) in 166.903 (166.919) seconds
2026-09-13 20:40:58.149 xcodebuild[15656:4534591] [MT] IDETestOperationsObserverDebug: 237.562 elapsed -- Testing started completed.
2026-09-13 20:40:58.149 xcodebuild[15656:4534591] [MT] IDETestOperationsObserverDebug: 0.000 sec, +0.000 sec -- start
2026-09-13 20:40:58.150 xcodebuild[15656:4534591] [MT] IDETestOperationsObserverDebug: 237.562 sec, +237.562 sec -- end

Test session results, code coverage, and logs:
	/Users/sinjunho/Desktop/Taste Buddy/output/question-inline-fix/ui-1.xcresult

Failing tests:
	HomeTasteQuestionUITests.test05LegacyQuestionHasInlineChoicesAndAllListExcludesEditingOnlyItems()

** TEST EXECUTE FAILED **

Testing started
